
Memory Configuration

Name             Origin             Length             Attributes
*default*        0x00000000         0xffffffff

Linker script and memory map

LOAD crt0_gnu.o
LOAD at91sam9g45ekes.o
LOAD main.o
LOAD gpio.o
LOAD pmc.o
LOAD debug.o
LOAD sdramc.o
LOAD ddramc.o
LOAD nandflash.o
LOAD _udivsi3.o
LOAD _umodsi3.o
LOAD div0.o
LOAD udiv.o
LOAD string.o
                0x00000000                . = ALIGN (0x4)

.text           0x00300000     0x1334
                0x00300000                _stext = .
 *(.text)
 .text          0x00300000      0x130 crt0_gnu.o
                0x00300000                reset
 .text          0x00300130      0x178 at91sam9g45ekes.o
                0x003001bc                ddramc_hw_init
                0x00300130                nandflash_cfg_16bits_dbw_init
                0x00300144                nandflash_cfg_8bits_dbw_init
                0x00300224                hw_init
                0x00300158                nandflash_hw_init
 .text          0x003002a8       0x28 main.o
                0x003002a8                main
 .text          0x003002d0      0x238 gpio.o
                0x00300300                pio_set_value
                0x003002d0                pio_get_value
                0x0030033c                pio_setup
 .text          0x00300508       0xa8 pmc.o
                0x00300544                pmc_cfg_plla
                0x00300510                pmc_cfg_mck
                0x00300508                pmc_cfg_pllutmi
                0x00300578                pmc_cfg_pck
 .text          0x003005b0       0x64 debug.o
                0x003005b0                dbg_print
                0x003005e8                dbg_init
 .text          0x00300614        0x0 sdramc.o
 .text          0x00300614      0x488 ddramc.o
                0x00300624                ddram_init
 .text          0x00300a9c      0x554 nandflash.o
                0x00300cd0                CheckBlock
                0x00300d3c                AT91F_NandRead
                0x00300a9c                AT91F_NandEraseBlock0
                0x00300d94                load_nandflash
 .text          0x00300ff0       0x98 _udivsi3.o
                0x00300ff0                __udivsi3
                0x00300ff0                __aeabi_uidiv
 .text          0x00301088       0xcc _umodsi3.o
                0x00301088                __umodsi3
                0x0030113c                __aeabi_uidivmod
 .text          0x00301154        0x4 div0.o
                0x00301154                __div0
 .text          0x00301158       0x58 udiv.o
                0x00301158                udiv
 .text          0x003011b0       0xb4 string.o
                0x00301248                memcpy
                0x003011d4                bcopy
                0x003011b0                memset
 *(.rodata)
 .rodata        0x00301264       0x78 at91sam9g45ekes.o
 *(.rodata*)
 .rodata.str1.4
                0x003012dc       0x34 at91sam9g45ekes.o
 .rodata.str1.4
                0x00301310       0x24 nandflash.o
                0x00301334                . = ALIGN (0x4)
                0x00301334                _etext = .

.glue_7         0x00301334        0x0
 .glue_7        0x00301334        0x0 crt0_gnu.o
 .glue_7        0x00301334        0x0 at91sam9g45ekes.o
 .glue_7        0x00301334        0x0 main.o
 .glue_7        0x00301334        0x0 gpio.o
 .glue_7        0x00301334        0x0 pmc.o
 .glue_7        0x00301334        0x0 debug.o
 .glue_7        0x00301334        0x0 sdramc.o
 .glue_7        0x00301334        0x0 ddramc.o
 .glue_7        0x00301334        0x0 nandflash.o
 .glue_7        0x00301334        0x0 _udivsi3.o
 .glue_7        0x00301334        0x0 _umodsi3.o
 .glue_7        0x00301334        0x0 div0.o
 .glue_7        0x00301334        0x0 udiv.o
 .glue_7        0x00301334        0x0 string.o

.glue_7t        0x00301334        0x0
 .glue_7t       0x00301334        0x0 crt0_gnu.o
 .glue_7t       0x00301334        0x0 at91sam9g45ekes.o
 .glue_7t       0x00301334        0x0 main.o
 .glue_7t       0x00301334        0x0 gpio.o
 .glue_7t       0x00301334        0x0 pmc.o
 .glue_7t       0x00301334        0x0 debug.o
 .glue_7t       0x00301334        0x0 sdramc.o
 .glue_7t       0x00301334        0x0 ddramc.o
 .glue_7t       0x00301334        0x0 nandflash.o
 .glue_7t       0x00301334        0x0 _udivsi3.o
 .glue_7t       0x00301334        0x0 _umodsi3.o
 .glue_7t       0x00301334        0x0 div0.o
 .glue_7t       0x00301334        0x0 udiv.o
 .glue_7t       0x00301334        0x0 string.o

.vfp11_veneer   0x00301334        0x0
 .vfp11_veneer  0x00301334        0x0 crt0_gnu.o
 .vfp11_veneer  0x00301334        0x0 at91sam9g45ekes.o
 .vfp11_veneer  0x00301334        0x0 main.o
 .vfp11_veneer  0x00301334        0x0 gpio.o
 .vfp11_veneer  0x00301334        0x0 pmc.o
 .vfp11_veneer  0x00301334        0x0 debug.o
 .vfp11_veneer  0x00301334        0x0 sdramc.o
 .vfp11_veneer  0x00301334        0x0 ddramc.o
 .vfp11_veneer  0x00301334        0x0 nandflash.o
 .vfp11_veneer  0x00301334        0x0 _udivsi3.o
 .vfp11_veneer  0x00301334        0x0 _umodsi3.o
 .vfp11_veneer  0x00301334        0x0 div0.o
 .vfp11_veneer  0x00301334        0x0 udiv.o
 .vfp11_veneer  0x00301334        0x0 string.o

.data           0x00301334       0xdc load address 0x00301334
                0x00301334                _sdata = .
 *(.vectors)
 *(.data)
 .data          0x00301334        0x0 crt0_gnu.o
 .data          0x00301334       0x18 at91sam9g45ekes.o
 .data          0x0030134c        0x0 main.o
 .data          0x0030134c        0x0 gpio.o
 .data          0x0030134c        0x0 pmc.o
 .data          0x0030134c        0x0 debug.o
 .data          0x0030134c        0x0 sdramc.o
 .data          0x0030134c        0x0 ddramc.o
 .data          0x0030134c       0xc4 nandflash.o
 .data          0x00301410        0x0 _udivsi3.o
 .data          0x00301410        0x0 _umodsi3.o
 .data          0x00301410        0x0 div0.o
 .data          0x00301410        0x0 udiv.o
 .data          0x00301410        0x0 string.o
                0x00301410                _edata = .

.bss            0x00301410        0x0
                0x00301410                . = ALIGN (0x4)
                0x00301410                _sbss = .
 *(.bss)
 .bss           0x00301410        0x0 crt0_gnu.o
 .bss           0x00301410        0x0 at91sam9g45ekes.o
 .bss           0x00301410        0x0 main.o
 .bss           0x00301410        0x0 gpio.o
 .bss           0x00301410        0x0 pmc.o
 .bss           0x00301410        0x0 debug.o
 .bss           0x00301410        0x0 sdramc.o
 .bss           0x00301410        0x0 ddramc.o
 .bss           0x00301410        0x0 nandflash.o
 .bss           0x00301410        0x0 _udivsi3.o
 .bss           0x00301410        0x0 _umodsi3.o
 .bss           0x00301410        0x0 div0.o
 .bss           0x00301410        0x0 udiv.o
 .bss           0x00301410        0x0 string.o
                0x00301410                _ebss = .
                0x00301410                end = .
Address of section .text set to 0x300000
OUTPUT(nandflash_at91sam9g45ekes.elf elf32-littlearm)
                0x00301410                . = ALIGN (0x1)
                0x00301410                __start_start = .

start           0x00000000        0x0
 start          0x00000000        0x0 crt0_gnu.o
                0x00000000                __stop_start = .

.ARM.attributes
                0x00000000       0x10
 .ARM.attributes
                0x00000000       0x20 crt0_gnu.o
 .ARM.attributes
                0x00000020       0x30 at91sam9g45ekes.o
 .ARM.attributes
                0x00000050       0x30 main.o
 .ARM.attributes
                0x00000080       0x30 gpio.o
 .ARM.attributes
                0x000000b0       0x30 pmc.o
 .ARM.attributes
                0x000000e0       0x30 debug.o
 .ARM.attributes
                0x00000110       0x2e sdramc.o
 .ARM.attributes
                0x0000013e       0x30 ddramc.o
 .ARM.attributes
                0x0000016e       0x30 nandflash.o
 .ARM.attributes
                0x0000019e       0x20 _udivsi3.o
 .ARM.attributes
                0x000001be       0x20 _umodsi3.o
 .ARM.attributes
                0x000001de       0x30 div0.o
 .ARM.attributes
                0x0000020e       0x30 udiv.o
 .ARM.attributes
                0x0000023e       0x30 string.o

.debug_line     0x00000000      0x997
 .debug_line    0x00000000       0x84 crt0_gnu.o
 .debug_line    0x00000084       0xf1 at91sam9g45ekes.o
 .debug_line    0x00000175       0x46 main.o
 .debug_line    0x000001bb      0x12a gpio.o
 .debug_line    0x000002e5       0x74 pmc.o
 .debug_line    0x00000359       0x5d debug.o
 .debug_line    0x000003b6       0x1d sdramc.o
 .debug_line    0x000003d3       0xca ddramc.o
 .debug_line    0x0000049d      0x1ea nandflash.o
 .debug_line    0x00000687       0x6c _udivsi3.o
 .debug_line    0x000006f3       0x79 _umodsi3.o
 .debug_line    0x0000076c       0x43 div0.o
 .debug_line    0x000007af      0x18a udiv.o
 .debug_line    0x00000939       0x5e string.o

.debug_info     0x00000000     0x1d92
 .debug_info    0x00000000       0x7f crt0_gnu.o
 .debug_info    0x0000007f      0x28a at91sam9g45ekes.o
 .debug_info    0x00000309       0x65 main.o
 .debug_info    0x0000036e      0x8be gpio.o
 .debug_info    0x00000c2c      0x213 pmc.o
 .debug_info    0x00000e3f      0x17e debug.o
 .debug_info    0x00000fbd        0x0 sdramc.o
 .debug_info    0x00000fbd      0x17f ddramc.o
 .debug_info    0x0000113c      0x61a nandflash.o
 .debug_info    0x00001756       0x83 _udivsi3.o
 .debug_info    0x000017d9       0x83 _umodsi3.o
 .debug_info    0x0000185c       0x39 div0.o
 .debug_info    0x00001895      0x3ac udiv.o
 .debug_info    0x00001c41      0x151 string.o

.debug_abbrev   0x00000000      0xa89
 .debug_abbrev  0x00000000       0x14 crt0_gnu.o
 .debug_abbrev  0x00000014      0x178 at91sam9g45ekes.o
 .debug_abbrev  0x0000018c       0x4a main.o
 .debug_abbrev  0x000001d6      0x1bb gpio.o
 .debug_abbrev  0x00000391       0xec pmc.o
 .debug_abbrev  0x0000047d       0xfa debug.o
 .debug_abbrev  0x00000577        0x1 sdramc.o
 .debug_abbrev  0x00000578       0xe0 ddramc.o
 .debug_abbrev  0x00000658      0x1e4 nandflash.o
 .debug_abbrev  0x0000083c       0x14 _udivsi3.o
 .debug_abbrev  0x00000850       0x14 _umodsi3.o
 .debug_abbrev  0x00000864       0x29 div0.o
 .debug_abbrev  0x0000088d      0x129 udiv.o
 .debug_abbrev  0x000009b6       0xd3 string.o

.debug_aranges  0x00000000      0x1a0
 .debug_aranges
                0x00000000       0x20 crt0_gnu.o
 .debug_aranges
                0x00000020       0x20 at91sam9g45ekes.o
 .debug_aranges
                0x00000040       0x20 main.o
 .debug_aranges
                0x00000060       0x20 gpio.o
 .debug_aranges
                0x00000080       0x20 pmc.o
 .debug_aranges
                0x000000a0       0x20 debug.o
 .debug_aranges
                0x000000c0       0x20 ddramc.o
 .debug_aranges
                0x000000e0       0x20 nandflash.o
 .debug_aranges
                0x00000100       0x20 _udivsi3.o
 .debug_aranges
                0x00000120       0x20 _umodsi3.o
 .debug_aranges
                0x00000140       0x20 div0.o
 .debug_aranges
                0x00000160       0x20 udiv.o
 .debug_aranges
                0x00000180       0x20 string.o

.debug_frame    0x00000000      0x2f8
 .debug_frame   0x00000000       0x74 at91sam9g45ekes.o
 .debug_frame   0x00000074       0x28 main.o
 .debug_frame   0x0000009c       0x48 gpio.o
 .debug_frame   0x000000e4       0x50 pmc.o
 .debug_frame   0x00000134       0x30 debug.o
 .debug_frame   0x00000164       0x54 ddramc.o
 .debug_frame   0x000001b8       0xb0 nandflash.o
 .debug_frame   0x00000268       0x20 div0.o
 .debug_frame   0x00000288       0x28 udiv.o
 .debug_frame   0x000002b0       0x48 string.o

.debug_loc      0x00000000      0xbbd
 .debug_loc     0x00000000       0x5d at91sam9g45ekes.o
 .debug_loc     0x0000005d       0x1f main.o
 .debug_loc     0x0000007c      0x376 gpio.o
 .debug_loc     0x000003f2       0x72 pmc.o
 .debug_loc     0x00000464       0xab ddramc.o
 .debug_loc     0x0000050f      0x547 nandflash.o
 .debug_loc     0x00000a56       0x63 udiv.o
 .debug_loc     0x00000ab9      0x104 string.o

.debug_pubnames
                0x00000000      0x259
 .debug_pubnames
                0x00000000       0x8a at91sam9g45ekes.o
 .debug_pubnames
                0x0000008a       0x1b main.o
 .debug_pubnames
                0x000000a5       0x44 gpio.o
 .debug_pubnames
                0x000000e9       0x57 pmc.o
 .debug_pubnames
                0x00000140       0x2d debug.o
 .debug_pubnames
                0x0000016d       0x21 ddramc.o
 .debug_pubnames
                0x0000018e       0x61 nandflash.o
 .debug_pubnames
                0x000001ef       0x1d div0.o
 .debug_pubnames
                0x0000020c       0x1b udiv.o
 .debug_pubnames
                0x00000227       0x32 string.o

.debug_str      0x00000000      0x9e4
 .debug_str     0x00000000      0x209 at91sam9g45ekes.o
                                0x233 (size before relaxing)
 .debug_str     0x00000209       0x15 main.o
                                 0xaf (size before relaxing)
 .debug_str     0x0000021e       0xf2 gpio.o
                                0x1f6 (size before relaxing)
 .debug_str     0x00000310       0x97 pmc.o
                                0x126 (size before relaxing)
 .debug_str     0x000003a7       0x49 debug.o
                                 0xcf (size before relaxing)
 .debug_str     0x000003f0       0x64 ddramc.o
                                0x14b (size before relaxing)
 .debug_str     0x00000454      0x33b nandflash.o
                                0x3f7 (size before relaxing)
 .debug_str     0x0000078f       0x1b div0.o
                                 0x82 (size before relaxing)
 .debug_str     0x000007aa      0x204 udiv.o
                                0x2cd (size before relaxing)
 .debug_str     0x000009ae       0x36 string.o
                                 0xce (size before relaxing)

.comment        0x00000000      0x34f
 .comment       0x00000000       0x4d at91sam9g45ekes.o
 .comment       0x0000004d       0x4d main.o
 .comment       0x0000009a       0x4d gpio.o
 .comment       0x000000e7       0x4d pmc.o
 .comment       0x00000134       0x4d debug.o
 .comment       0x00000181       0x4d sdramc.o
 .comment       0x000001ce       0x4d ddramc.o
 .comment       0x0000021b       0x4d nandflash.o
 .comment       0x00000268       0x4d div0.o
 .comment       0x000002b5       0x4d udiv.o
 .comment       0x00000302       0x4d string.o

.note.GNU-stack
                0x00000000        0x0
 .note.GNU-stack
                0x00000000        0x0 at91sam9g45ekes.o
 .note.GNU-stack
                0x00000000        0x0 main.o
 .note.GNU-stack
                0x00000000        0x0 gpio.o
 .note.GNU-stack
                0x00000000        0x0 pmc.o
 .note.GNU-stack
                0x00000000        0x0 debug.o
 .note.GNU-stack
                0x00000000        0x0 sdramc.o
 .note.GNU-stack
                0x00000000        0x0 ddramc.o
 .note.GNU-stack
                0x00000000        0x0 nandflash.o
 .note.GNU-stack
                0x00000000        0x0 div0.o
 .note.GNU-stack
                0x00000000        0x0 udiv.o
 .note.GNU-stack
                0x00000000        0x0 string.o

.debug_ranges   0x00000000      0x170
 .debug_ranges  0x00000000       0x30 gpio.o
 .debug_ranges  0x00000030       0x90 pmc.o
 .debug_ranges  0x000000c0       0x60 debug.o
 .debug_ranges  0x00000120       0x50 nandflash.o

Cross Reference Table

Symbol                                            File
AT91F_NandEraseBlock0                             nandflash.o
AT91F_NandRead                                    nandflash.o
CheckBlock                                        nandflash.o
__aeabi_uidiv                                     _udivsi3.o
                                                  _umodsi3.o
                                                  nandflash.o
__aeabi_uidivmod                                  _umodsi3.o
                                                  nandflash.o
__div0                                            div0.o
                                                  _umodsi3.o
                                                  _udivsi3.o
__udivsi3                                         _udivsi3.o
__umodsi3                                         _umodsi3.o
_ebss                                             crt0_gnu.o
_edata                                            crt0_gnu.o
_etext                                            crt0_gnu.o
_sbss                                             crt0_gnu.o
_sdata                                            crt0_gnu.o
bcopy                                             string.o
dbg_init                                          debug.o
                                                  at91sam9g45ekes.o
dbg_print                                         debug.o
                                                  nandflash.o
                                                  at91sam9g45ekes.o
ddram_init                                        ddramc.o
                                                  at91sam9g45ekes.o
ddramc_hw_init                                    at91sam9g45ekes.o
hw_init                                           at91sam9g45ekes.o
                                                  main.o
load_nandflash                                    nandflash.o
                                                  main.o
main                                              main.o
                                                  crt0_gnu.o
memcpy                                            string.o
memset                                            string.o
nandflash_cfg_16bits_dbw_init                     at91sam9g45ekes.o
nandflash_cfg_8bits_dbw_init                      at91sam9g45ekes.o
                                                  nandflash.o
nandflash_hw_init                                 at91sam9g45ekes.o
                                                  nandflash.o
pio_get_value                                     gpio.o
pio_set_value                                     gpio.o
pio_setup                                         gpio.o
                                                  at91sam9g45ekes.o
pmc_cfg_mck                                       pmc.o
                                                  at91sam9g45ekes.o
pmc_cfg_pck                                       pmc.o
pmc_cfg_plla                                      pmc.o
                                                  at91sam9g45ekes.o
pmc_cfg_pllutmi                                   pmc.o
reset                                             crt0_gnu.o
udiv                                              udiv.o
