
Memory Configuration

Name             Origin             Length             Attributes
*default*        0x00000000         0xffffffff

Linker script and memory map

LOAD crt0_gnu.o
LOAD at91sam9m10g45ek.o
LOAD main.o
LOAD gpio.o
LOAD pmc.o
LOAD debug.o
LOAD sdramc.o
LOAD ddramc.o
LOAD nandflash.o
LOAD _udivsi3.o
LOAD _umodsi3.o
LOAD div0.o
LOAD udiv.o
LOAD string.o
                0x00000000                . = ALIGN (0x4)

.text           0x00300000     0x1260
                0x00300000                _stext = .
 *(.text)
 .text          0x00300000      0x130 crt0_gnu.o
                0x00300000                reset
 .text          0x00300130      0x184 at91sam9m10g45ek.o
                0x003001bc                ddramc_hw_init
                0x00300130                nandflash_cfg_16bits_dbw_init
                0x00300144                nandflash_cfg_8bits_dbw_init
                0x00300224                hw_init
                0x00300158                nandflash_hw_init
 .text          0x003002b4       0x28 main.o
                0x003002b4                main
 .text          0x003002dc      0x238 gpio.o
                0x0030030c                pio_set_value
                0x003002dc                pio_get_value
                0x00300348                pio_setup
 .text          0x00300514       0xa8 pmc.o
                0x00300550                pmc_cfg_plla
                0x0030051c                pmc_cfg_mck
                0x00300514                pmc_cfg_pllutmi
                0x00300584                pmc_cfg_pck
 .text          0x003005bc        0x0 debug.o
 .text          0x003005bc        0x0 sdramc.o
 .text          0x003005bc      0x488 ddramc.o
                0x003005cc                ddram_init
 .text          0x00300a44      0x548 nandflash.o
                0x00300c78                CheckBlock
                0x00300ce4                AT91F_NandRead
                0x00300a44                AT91F_NandEraseBlock0
                0x00300d3c                load_nandflash
 .text          0x00300f8c       0x98 _udivsi3.o
                0x00300f8c                __udivsi3
                0x00300f8c                __aeabi_uidiv
 .text          0x00301024       0xcc _umodsi3.o
                0x00301024                __umodsi3
                0x003010d8                __aeabi_uidivmod
 .text          0x003010f0        0x4 div0.o
                0x003010f0                __div0
 .text          0x003010f4       0x58 udiv.o
                0x003010f4                udiv
 .text          0x0030114c       0xb4 string.o
                0x003011e4                memcpy
                0x00301170                bcopy
                0x0030114c                memset
 *(.rodata)
 .rodata        0x00301200       0x50 at91sam9m10g45ek.o
 *(.rodata*)
 .rodata.str1.4
                0x00301250       0x10 at91sam9m10g45ek.o
                0x00301260                . = ALIGN (0x4)
                0x00301260                _etext = .

.glue_7         0x00301260        0x0
 .glue_7        0x00301260        0x0 crt0_gnu.o
 .glue_7        0x00301260        0x0 at91sam9m10g45ek.o
 .glue_7        0x00301260        0x0 main.o
 .glue_7        0x00301260        0x0 gpio.o
 .glue_7        0x00301260        0x0 pmc.o
 .glue_7        0x00301260        0x0 debug.o
 .glue_7        0x00301260        0x0 sdramc.o
 .glue_7        0x00301260        0x0 ddramc.o
 .glue_7        0x00301260        0x0 nandflash.o
 .glue_7        0x00301260        0x0 _udivsi3.o
 .glue_7        0x00301260        0x0 _umodsi3.o
 .glue_7        0x00301260        0x0 div0.o
 .glue_7        0x00301260        0x0 udiv.o
 .glue_7        0x00301260        0x0 string.o

.glue_7t        0x00301260        0x0
 .glue_7t       0x00301260        0x0 crt0_gnu.o
 .glue_7t       0x00301260        0x0 at91sam9m10g45ek.o
 .glue_7t       0x00301260        0x0 main.o
 .glue_7t       0x00301260        0x0 gpio.o
 .glue_7t       0x00301260        0x0 pmc.o
 .glue_7t       0x00301260        0x0 debug.o
 .glue_7t       0x00301260        0x0 sdramc.o
 .glue_7t       0x00301260        0x0 ddramc.o
 .glue_7t       0x00301260        0x0 nandflash.o
 .glue_7t       0x00301260        0x0 _udivsi3.o
 .glue_7t       0x00301260        0x0 _umodsi3.o
 .glue_7t       0x00301260        0x0 div0.o
 .glue_7t       0x00301260        0x0 udiv.o
 .glue_7t       0x00301260        0x0 string.o

.vfp11_veneer   0x00301260        0x0
 .vfp11_veneer  0x00301260        0x0 crt0_gnu.o
 .vfp11_veneer  0x00301260        0x0 at91sam9m10g45ek.o
 .vfp11_veneer  0x00301260        0x0 main.o
 .vfp11_veneer  0x00301260        0x0 gpio.o
 .vfp11_veneer  0x00301260        0x0 pmc.o
 .vfp11_veneer  0x00301260        0x0 debug.o
 .vfp11_veneer  0x00301260        0x0 sdramc.o
 .vfp11_veneer  0x00301260        0x0 ddramc.o
 .vfp11_veneer  0x00301260        0x0 nandflash.o
 .vfp11_veneer  0x00301260        0x0 _udivsi3.o
 .vfp11_veneer  0x00301260        0x0 _umodsi3.o
 .vfp11_veneer  0x00301260        0x0 div0.o
 .vfp11_veneer  0x00301260        0x0 udiv.o
 .vfp11_veneer  0x00301260        0x0 string.o

.data           0x00301260       0xdc load address 0x00301260
                0x00301260                _sdata = .
 *(.vectors)
 *(.data)
 .data          0x00301260        0x0 crt0_gnu.o
 .data          0x00301260       0x18 at91sam9m10g45ek.o
 .data          0x00301278        0x0 main.o
 .data          0x00301278        0x0 gpio.o
 .data          0x00301278        0x0 pmc.o
 .data          0x00301278        0x0 debug.o
 .data          0x00301278        0x0 sdramc.o
 .data          0x00301278        0x0 ddramc.o
 .data          0x00301278       0xc4 nandflash.o
 .data          0x0030133c        0x0 _udivsi3.o
 .data          0x0030133c        0x0 _umodsi3.o
 .data          0x0030133c        0x0 div0.o
 .data          0x0030133c        0x0 udiv.o
 .data          0x0030133c        0x0 string.o
                0x0030133c                _edata = .

.bss            0x0030133c        0x0
                0x0030133c                . = ALIGN (0x4)
                0x0030133c                _sbss = .
 *(.bss)
 .bss           0x0030133c        0x0 crt0_gnu.o
 .bss           0x0030133c        0x0 at91sam9m10g45ek.o
 .bss           0x0030133c        0x0 main.o
 .bss           0x0030133c        0x0 gpio.o
 .bss           0x0030133c        0x0 pmc.o
 .bss           0x0030133c        0x0 debug.o
 .bss           0x0030133c        0x0 sdramc.o
 .bss           0x0030133c        0x0 ddramc.o
 .bss           0x0030133c        0x0 nandflash.o
 .bss           0x0030133c        0x0 _udivsi3.o
 .bss           0x0030133c        0x0 _umodsi3.o
 .bss           0x0030133c        0x0 div0.o
 .bss           0x0030133c        0x0 udiv.o
 .bss           0x0030133c        0x0 string.o
                0x0030133c                _ebss = .
                0x0030133c                end = .
Address of section .text set to 0x300000
OUTPUT(nandflash_at91sam9m10g45ek.elf elf32-littlearm)
                0x0030133c                . = ALIGN (0x1)
                0x0030133c                __start_start = .

start           0x00000000        0x0
 start          0x00000000        0x0 crt0_gnu.o
                0x00000000                __stop_start = .

.ARM.attributes
                0x00000000       0x10
 .ARM.attributes
                0x00000000       0x20 crt0_gnu.o
 .ARM.attributes
                0x00000020       0x30 at91sam9m10g45ek.o
 .ARM.attributes
                0x00000050       0x30 main.o
 .ARM.attributes
                0x00000080       0x30 gpio.o
 .ARM.attributes
                0x000000b0       0x30 pmc.o
 .ARM.attributes
                0x000000e0       0x2e debug.o
 .ARM.attributes
                0x0000010e       0x2e sdramc.o
 .ARM.attributes
                0x0000013c       0x30 ddramc.o
 .ARM.attributes
                0x0000016c       0x30 nandflash.o
 .ARM.attributes
                0x0000019c       0x20 _udivsi3.o
 .ARM.attributes
                0x000001bc       0x20 _umodsi3.o
 .ARM.attributes
                0x000001dc       0x30 div0.o
 .ARM.attributes
                0x0000020c       0x30 udiv.o
 .ARM.attributes
                0x0000023c       0x30 string.o

.debug_line     0x00000000      0x971
 .debug_line    0x00000000       0x84 crt0_gnu.o
 .debug_line    0x00000084      0x10a at91sam9m10g45ek.o
 .debug_line    0x0000018e       0x46 main.o
 .debug_line    0x000001d4      0x12a gpio.o
 .debug_line    0x000002fe       0x74 pmc.o
 .debug_line    0x00000372       0x1d debug.o
 .debug_line    0x0000038f       0x1d sdramc.o
 .debug_line    0x000003ac       0xca ddramc.o
 .debug_line    0x00000476      0x1eb nandflash.o
 .debug_line    0x00000661       0x6c _udivsi3.o
 .debug_line    0x000006cd       0x79 _umodsi3.o
 .debug_line    0x00000746       0x43 div0.o
 .debug_line    0x00000789      0x18a udiv.o
 .debug_line    0x00000913       0x5e string.o

.debug_info     0x00000000     0x1c0f
 .debug_info    0x00000000       0x80 crt0_gnu.o
 .debug_info    0x00000080      0x282 at91sam9m10g45ek.o
 .debug_info    0x00000302       0x65 main.o
 .debug_info    0x00000367      0x8be gpio.o
 .debug_info    0x00000c25      0x213 pmc.o
 .debug_info    0x00000e38        0x0 debug.o
 .debug_info    0x00000e38        0x0 sdramc.o
 .debug_info    0x00000e38      0x17f ddramc.o
 .debug_info    0x00000fb7      0x61a nandflash.o
 .debug_info    0x000015d1       0x84 _udivsi3.o
 .debug_info    0x00001655       0x84 _umodsi3.o
 .debug_info    0x000016d9       0x39 div0.o
 .debug_info    0x00001712      0x3ac udiv.o
 .debug_info    0x00001abe      0x151 string.o

.debug_abbrev   0x00000000      0x9b4
 .debug_abbrev  0x00000000       0x14 crt0_gnu.o
 .debug_abbrev  0x00000014      0x19c at91sam9m10g45ek.o
 .debug_abbrev  0x000001b0       0x4a main.o
 .debug_abbrev  0x000001fa      0x1bb gpio.o
 .debug_abbrev  0x000003b5       0xec pmc.o
 .debug_abbrev  0x000004a1        0x1 debug.o
 .debug_abbrev  0x000004a2        0x1 sdramc.o
 .debug_abbrev  0x000004a3       0xe0 ddramc.o
 .debug_abbrev  0x00000583      0x1e4 nandflash.o
 .debug_abbrev  0x00000767       0x14 _udivsi3.o
 .debug_abbrev  0x0000077b       0x14 _umodsi3.o
 .debug_abbrev  0x0000078f       0x29 div0.o
 .debug_abbrev  0x000007b8      0x129 udiv.o
 .debug_abbrev  0x000008e1       0xd3 string.o

.debug_aranges  0x00000000      0x180
 .debug_aranges
                0x00000000       0x20 crt0_gnu.o
 .debug_aranges
                0x00000020       0x20 at91sam9m10g45ek.o
 .debug_aranges
                0x00000040       0x20 main.o
 .debug_aranges
                0x00000060       0x20 gpio.o
 .debug_aranges
                0x00000080       0x20 pmc.o
 .debug_aranges
                0x000000a0       0x20 ddramc.o
 .debug_aranges
                0x000000c0       0x20 nandflash.o
 .debug_aranges
                0x000000e0       0x20 _udivsi3.o
 .debug_aranges
                0x00000100       0x20 _umodsi3.o
 .debug_aranges
                0x00000120       0x20 div0.o
 .debug_aranges
                0x00000140       0x20 udiv.o
 .debug_aranges
                0x00000160       0x20 string.o

.debug_frame    0x00000000      0x2cc
 .debug_frame   0x00000000       0x78 at91sam9m10g45ek.o
 .debug_frame   0x00000078       0x28 main.o
 .debug_frame   0x000000a0       0x48 gpio.o
 .debug_frame   0x000000e8       0x50 pmc.o
 .debug_frame   0x00000138       0x54 ddramc.o
 .debug_frame   0x0000018c       0xb0 nandflash.o
 .debug_frame   0x0000023c       0x20 div0.o
 .debug_frame   0x0000025c       0x28 udiv.o
 .debug_frame   0x00000284       0x48 string.o

.debug_loc      0x00000000      0xba8
 .debug_loc     0x00000000       0x69 at91sam9m10g45ek.o
 .debug_loc     0x00000069       0x1f main.o
 .debug_loc     0x00000088      0x376 gpio.o
 .debug_loc     0x000003fe       0x72 pmc.o
 .debug_loc     0x00000470       0xab ddramc.o
 .debug_loc     0x0000051b      0x526 nandflash.o
 .debug_loc     0x00000a41       0x63 udiv.o
 .debug_loc     0x00000aa4      0x104 string.o

.debug_pubnames
                0x00000000      0x22c
 .debug_pubnames
                0x00000000       0x8a at91sam9m10g45ek.o
 .debug_pubnames
                0x0000008a       0x1b main.o
 .debug_pubnames
                0x000000a5       0x44 gpio.o
 .debug_pubnames
                0x000000e9       0x57 pmc.o
 .debug_pubnames
                0x00000140       0x21 ddramc.o
 .debug_pubnames
                0x00000161       0x61 nandflash.o
 .debug_pubnames
                0x000001c2       0x1d div0.o
 .debug_pubnames
                0x000001df       0x1b udiv.o
 .debug_pubnames
                0x000001fa       0x32 string.o

.debug_str      0x00000000      0x99e
 .debug_str     0x00000000      0x20c at91sam9m10g45ek.o
                                0x236 (size before relaxing)
 .debug_str     0x0000020c       0x15 main.o
                                 0xb0 (size before relaxing)
 .debug_str     0x00000221       0xf2 gpio.o
                                0x1f7 (size before relaxing)
 .debug_str     0x00000313       0x97 pmc.o
                                0x127 (size before relaxing)
 .debug_str     0x000003aa       0x64 ddramc.o
                                0x14c (size before relaxing)
 .debug_str     0x0000040e      0x33b nandflash.o
                                0x3f8 (size before relaxing)
 .debug_str     0x00000749       0x1b div0.o
                                 0x83 (size before relaxing)
 .debug_str     0x00000764      0x204 udiv.o
                                0x2ce (size before relaxing)
 .debug_str     0x00000968       0x36 string.o
                                 0xcf (size before relaxing)

.comment        0x00000000      0x34f
 .comment       0x00000000       0x4d at91sam9m10g45ek.o
 .comment       0x0000004d       0x4d main.o
 .comment       0x0000009a       0x4d gpio.o
 .comment       0x000000e7       0x4d pmc.o
 .comment       0x00000134       0x4d debug.o
 .comment       0x00000181       0x4d sdramc.o
 .comment       0x000001ce       0x4d ddramc.o
 .comment       0x0000021b       0x4d nandflash.o
 .comment       0x00000268       0x4d div0.o
 .comment       0x000002b5       0x4d udiv.o
 .comment       0x00000302       0x4d string.o

.note.GNU-stack
                0x00000000        0x0
 .note.GNU-stack
                0x00000000        0x0 at91sam9m10g45ek.o
 .note.GNU-stack
                0x00000000        0x0 main.o
 .note.GNU-stack
                0x00000000        0x0 gpio.o
 .note.GNU-stack
                0x00000000        0x0 pmc.o
 .note.GNU-stack
                0x00000000        0x0 debug.o
 .note.GNU-stack
                0x00000000        0x0 sdramc.o
 .note.GNU-stack
                0x00000000        0x0 ddramc.o
 .note.GNU-stack
                0x00000000        0x0 nandflash.o
 .note.GNU-stack
                0x00000000        0x0 div0.o
 .note.GNU-stack
                0x00000000        0x0 udiv.o
 .note.GNU-stack
                0x00000000        0x0 string.o

.debug_ranges   0x00000000      0x120
 .debug_ranges  0x00000000       0x30 gpio.o
 .debug_ranges  0x00000030       0x90 pmc.o
 .debug_ranges  0x000000c0       0x60 nandflash.o

Cross Reference Table

Symbol                                            File
AT91F_NandEraseBlock0                             nandflash.o
AT91F_NandRead                                    nandflash.o
CheckBlock                                        nandflash.o
__aeabi_uidiv                                     _udivsi3.o
                                                  _umodsi3.o
                                                  nandflash.o
__aeabi_uidivmod                                  _umodsi3.o
                                                  nandflash.o
__div0                                            div0.o
                                                  _umodsi3.o
                                                  _udivsi3.o
__udivsi3                                         _udivsi3.o
__umodsi3                                         _umodsi3.o
_ebss                                             crt0_gnu.o
_edata                                            crt0_gnu.o
_etext                                            crt0_gnu.o
_sbss                                             crt0_gnu.o
_sdata                                            crt0_gnu.o
bcopy                                             string.o
ddram_init                                        ddramc.o
                                                  at91sam9m10g45ek.o
ddramc_hw_init                                    at91sam9m10g45ek.o
hw_init                                           at91sam9m10g45ek.o
                                                  main.o
load_nandflash                                    nandflash.o
                                                  main.o
main                                              main.o
                                                  crt0_gnu.o
memcpy                                            string.o
memset                                            string.o
nandflash_cfg_16bits_dbw_init                     at91sam9m10g45ek.o
nandflash_cfg_8bits_dbw_init                      at91sam9m10g45ek.o
                                                  nandflash.o
nandflash_hw_init                                 at91sam9m10g45ek.o
                                                  nandflash.o
pio_get_value                                     gpio.o
pio_set_value                                     gpio.o
pio_setup                                         gpio.o
                                                  at91sam9m10g45ek.o
pmc_cfg_mck                                       pmc.o
                                                  at91sam9m10g45ek.o
pmc_cfg_pck                                       pmc.o
pmc_cfg_plla                                      pmc.o
                                                  at91sam9m10g45ek.o
pmc_cfg_pllutmi                                   pmc.o
reset                                             crt0_gnu.o
udiv                                              udiv.o
