
Memory Configuration

Name             Origin             Length             Attributes
*default*        0x00000000         0xffffffff

Linker script and memory map

LOAD crt0_gnu.o
LOAD at91sam9g20ek.o
LOAD main.o
LOAD gpio.o
LOAD pmc.o
LOAD debug.o
LOAD sdramc.o
LOAD nandflash.o
LOAD _udivsi3.o
LOAD _umodsi3.o
LOAD div0.o
LOAD udiv.o
LOAD string.o
                0x00000000                . = ALIGN (0x4)

.text           0x00200000     0x104c
                0x00200000                _stext = .
 *(.text)
 .text          0x00200000      0x140 crt0_gnu.o
                0x00200000                reset
 .text          0x00200140      0x184 at91sam9g20ek.o
                0x00200158                nandflash_cfg_16bits_dbw_init
                0x0020016c                nandflash_cfg_8bits_dbw_init
                0x00200208                hw_init
                0x00200180                nandflash_hw_init
                0x00200140                sdramc_hw_init
 .text          0x002002c4       0x4c main.o
                0x002002c4                main
 .text          0x00200310      0x228 gpio.o
                0x002004e8                pio_set_value
                0x00200318                pio_get_value
                0x00200350                pio_setup
 .text          0x00200538       0xd4 pmc.o
                0x00200538                pmc_cfg_plla
                0x002005a4                pmc_cfg_mck
                0x002005d8                pmc_cfg_pllb
                0x0020056c                pmc_cfg_pck
 .text          0x0020060c       0x58 debug.o
                0x0020060c                dbg_print
                0x0020063c                dbg_init
 .text          0x00200664      0x130 sdramc.o
                0x00200664                sdram_init
 .text          0x00200794      0x4f8 nandflash.o
                0x002009a4                CheckBlock
                0x00200a0c                AT91F_NandRead
                0x00200794                AT91F_NandEraseBlock0
                0x00200a64                load_nandflash
 .text          0x00200c8c       0x98 _udivsi3.o
                0x00200c8c                __udivsi3
                0x00200c8c                __aeabi_uidiv
 .text          0x00200d24       0xcc _umodsi3.o
                0x00200d24                __umodsi3
                0x00200dd8                __aeabi_uidivmod
 .text          0x00200df0        0x4 div0.o
                0x00200df0                __div0
 .text          0x00200df4       0x50 udiv.o
                0x00200df4                udiv
 .text          0x00200e44       0x9c string.o
                0x00200ec4                memcpy
                0x00200e60                bcopy
                0x00200e44                memset
 *(.rodata)
 .rodata        0x00200ee0       0xa0 at91sam9g20ek.o
 *(.rodata*)
 .rodata.str1.4
                0x00200f80       0x38 at91sam9g20ek.o
 .rodata.str1.4
                0x00200fb8       0x6e main.o
                                 0x70 (size before relaxing)
 *fill*         0x00201026        0x2 00
 .rodata.str1.4
                0x00201028       0x24 nandflash.o
                0x0020104c                . = ALIGN (0x4)
                0x0020104c                _etext = .

.glue_7         0x0020104c        0x0
 .glue_7        0x0020104c        0x0 crt0_gnu.o
 .glue_7        0x0020104c        0x0 at91sam9g20ek.o
 .glue_7        0x0020104c        0x0 main.o
 .glue_7        0x0020104c        0x0 gpio.o
 .glue_7        0x0020104c        0x0 pmc.o
 .glue_7        0x0020104c        0x0 debug.o
 .glue_7        0x0020104c        0x0 sdramc.o
 .glue_7        0x0020104c        0x0 nandflash.o
 .glue_7        0x0020104c        0x0 _udivsi3.o
 .glue_7        0x0020104c        0x0 _umodsi3.o
 .glue_7        0x0020104c        0x0 div0.o
 .glue_7        0x0020104c        0x0 udiv.o
 .glue_7        0x0020104c        0x0 string.o

.glue_7t        0x0020104c        0x0
 .glue_7t       0x0020104c        0x0 crt0_gnu.o
 .glue_7t       0x0020104c        0x0 at91sam9g20ek.o
 .glue_7t       0x0020104c        0x0 main.o
 .glue_7t       0x0020104c        0x0 gpio.o
 .glue_7t       0x0020104c        0x0 pmc.o
 .glue_7t       0x0020104c        0x0 debug.o
 .glue_7t       0x0020104c        0x0 sdramc.o
 .glue_7t       0x0020104c        0x0 nandflash.o
 .glue_7t       0x0020104c        0x0 _udivsi3.o
 .glue_7t       0x0020104c        0x0 _umodsi3.o
 .glue_7t       0x0020104c        0x0 div0.o
 .glue_7t       0x0020104c        0x0 udiv.o
 .glue_7t       0x0020104c        0x0 string.o

.vfp11_veneer   0x0020104c        0x0
 .vfp11_veneer  0x0020104c        0x0 crt0_gnu.o
 .vfp11_veneer  0x0020104c        0x0 at91sam9g20ek.o
 .vfp11_veneer  0x0020104c        0x0 main.o
 .vfp11_veneer  0x0020104c        0x0 gpio.o
 .vfp11_veneer  0x0020104c        0x0 pmc.o
 .vfp11_veneer  0x0020104c        0x0 debug.o
 .vfp11_veneer  0x0020104c        0x0 sdramc.o
 .vfp11_veneer  0x0020104c        0x0 nandflash.o
 .vfp11_veneer  0x0020104c        0x0 _udivsi3.o
 .vfp11_veneer  0x0020104c        0x0 _umodsi3.o
 .vfp11_veneer  0x0020104c        0x0 div0.o
 .vfp11_veneer  0x0020104c        0x0 udiv.o
 .vfp11_veneer  0x0020104c        0x0 string.o

.data           0x0020104c       0xc4 load address 0x0020104c
                0x0020104c                _sdata = .
 *(.vectors)
 *(.data)
 .data          0x0020104c        0x0 crt0_gnu.o
 .data          0x0020104c        0x0 at91sam9g20ek.o
 .data          0x0020104c        0x0 main.o
 .data          0x0020104c        0x0 gpio.o
 .data          0x0020104c        0x0 pmc.o
 .data          0x0020104c        0x0 debug.o
 .data          0x0020104c        0x0 sdramc.o
 .data          0x0020104c       0xc4 nandflash.o
 .data          0x00201110        0x0 _udivsi3.o
 .data          0x00201110        0x0 _umodsi3.o
 .data          0x00201110        0x0 div0.o
 .data          0x00201110        0x0 udiv.o
 .data          0x00201110        0x0 string.o
                0x00201110                _edata = .

.bss            0x00201110        0x0
                0x00201110                . = ALIGN (0x4)
                0x00201110                _sbss = .
 *(.bss)
 .bss           0x00201110        0x0 crt0_gnu.o
 .bss           0x00201110        0x0 at91sam9g20ek.o
 .bss           0x00201110        0x0 main.o
 .bss           0x00201110        0x0 gpio.o
 .bss           0x00201110        0x0 pmc.o
 .bss           0x00201110        0x0 debug.o
 .bss           0x00201110        0x0 sdramc.o
 .bss           0x00201110        0x0 nandflash.o
 .bss           0x00201110        0x0 _udivsi3.o
 .bss           0x00201110        0x0 _umodsi3.o
 .bss           0x00201110        0x0 div0.o
 .bss           0x00201110        0x0 udiv.o
 .bss           0x00201110        0x0 string.o
                0x00201110                _ebss = .
                0x00201110                end = .
Address of section .text set to 0x200000
OUTPUT(nandflash_at91sam9g20ek.elf elf32-littlearm)
                0x00201110                . = ALIGN (0x1)
                0x00201110                __start_start = .

start           0x00000000        0x0
 start          0x00000000        0x0 crt0_gnu.o
                0x00000000                __stop_start = .

.ARM.attributes
                0x00000000       0x10
 .ARM.attributes
                0x00000000       0x20 crt0_gnu.o
 .ARM.attributes
                0x00000020       0x30 at91sam9g20ek.o
 .ARM.attributes
                0x00000050       0x30 main.o
 .ARM.attributes
                0x00000080       0x30 gpio.o
 .ARM.attributes
                0x000000b0       0x30 pmc.o
 .ARM.attributes
                0x000000e0       0x30 debug.o
 .ARM.attributes
                0x00000110       0x30 sdramc.o
 .ARM.attributes
                0x00000140       0x30 nandflash.o
 .ARM.attributes
                0x00000170       0x20 _udivsi3.o
 .ARM.attributes
                0x00000190       0x20 _umodsi3.o
 .ARM.attributes
                0x000001b0       0x30 div0.o
 .ARM.attributes
                0x000001e0       0x30 udiv.o
 .ARM.attributes
                0x00000210       0x30 string.o

.debug_line     0x00000000      0x890
 .debug_line    0x00000000       0x84 crt0_gnu.o
 .debug_line    0x00000084       0xe2 at91sam9g20ek.o
 .debug_line    0x00000166       0x4a main.o
 .debug_line    0x000001b0      0x13b gpio.o
 .debug_line    0x000002eb       0x8d pmc.o
 .debug_line    0x00000378       0x63 debug.o
 .debug_line    0x000003db       0xc8 sdramc.o
 .debug_line    0x000004a3      0x1c1 nandflash.o
 .debug_line    0x00000664       0x6c _udivsi3.o
 .debug_line    0x000006d0       0x79 _umodsi3.o
 .debug_line    0x00000749       0x43 div0.o
 .debug_line    0x0000078c       0xb2 udiv.o
 .debug_line    0x0000083e       0x52 string.o

.debug_info     0x00000000     0x1aaf
 .debug_info    0x00000000       0x7d crt0_gnu.o
 .debug_info    0x0000007d      0x245 at91sam9g20ek.o
 .debug_info    0x000002c2       0x65 main.o
 .debug_info    0x00000327      0x7ec gpio.o
 .debug_info    0x00000b13      0x236 pmc.o
 .debug_info    0x00000d49      0x17a debug.o
 .debug_info    0x00000ec3      0x236 sdramc.o
 .debug_info    0x000010f9      0x608 nandflash.o
 .debug_info    0x00001701       0x81 _udivsi3.o
 .debug_info    0x00001782       0x81 _umodsi3.o
 .debug_info    0x00001803       0x39 div0.o
 .debug_info    0x0000183c      0x12a udiv.o
 .debug_info    0x00001966      0x149 string.o

.debug_abbrev   0x00000000      0xa32
 .debug_abbrev  0x00000000       0x14 crt0_gnu.o
 .debug_abbrev  0x00000014      0x161 at91sam9g20ek.o
 .debug_abbrev  0x00000175       0x4a main.o
 .debug_abbrev  0x000001bf      0x1ce gpio.o
 .debug_abbrev  0x0000038d       0xeb pmc.o
 .debug_abbrev  0x00000478      0x107 debug.o
 .debug_abbrev  0x0000057f       0xcc sdramc.o
 .debug_abbrev  0x0000064b      0x1eb nandflash.o
 .debug_abbrev  0x00000836       0x14 _udivsi3.o
 .debug_abbrev  0x0000084a       0x14 _umodsi3.o
 .debug_abbrev  0x0000085e       0x29 div0.o
 .debug_abbrev  0x00000887       0xcb udiv.o
 .debug_abbrev  0x00000952       0xe0 string.o

.debug_aranges  0x00000000      0x1a0
 .debug_aranges
                0x00000000       0x20 crt0_gnu.o
 .debug_aranges
                0x00000020       0x20 at91sam9g20ek.o
 .debug_aranges
                0x00000040       0x20 main.o
 .debug_aranges
                0x00000060       0x20 gpio.o
 .debug_aranges
                0x00000080       0x20 pmc.o
 .debug_aranges
                0x000000a0       0x20 debug.o
 .debug_aranges
                0x000000c0       0x20 sdramc.o
 .debug_aranges
                0x000000e0       0x20 nandflash.o
 .debug_aranges
                0x00000100       0x20 _udivsi3.o
 .debug_aranges
                0x00000120       0x20 _umodsi3.o
 .debug_aranges
                0x00000140       0x20 div0.o
 .debug_aranges
                0x00000160       0x20 udiv.o
 .debug_aranges
                0x00000180       0x20 string.o

.debug_frame    0x00000000      0x2fc
 .debug_frame   0x00000000       0x70 at91sam9g20ek.o
 .debug_frame   0x00000070       0x28 main.o
 .debug_frame   0x00000098       0x74 gpio.o
 .debug_frame   0x0000010c       0x50 pmc.o
 .debug_frame   0x0000015c       0x30 debug.o
 .debug_frame   0x0000018c       0x30 sdramc.o
 .debug_frame   0x000001bc       0xb0 nandflash.o
 .debug_frame   0x0000026c       0x20 div0.o
 .debug_frame   0x0000028c       0x28 udiv.o
 .debug_frame   0x000002b4       0x48 string.o

.debug_loc      0x00000000      0xa4d
 .debug_loc     0x00000000       0x51 at91sam9g20ek.o
 .debug_loc     0x00000051       0x1f main.o
 .debug_loc     0x00000070      0x368 gpio.o
 .debug_loc     0x000003d8       0x93 pmc.o
 .debug_loc     0x0000046b       0x98 sdramc.o
 .debug_loc     0x00000503      0x409 nandflash.o
 .debug_loc     0x0000090c       0x63 udiv.o
 .debug_loc     0x0000096f       0xde string.o

.debug_pubnames
                0x00000000      0x256
 .debug_pubnames
                0x00000000       0x8a at91sam9g20ek.o
 .debug_pubnames
                0x0000008a       0x1b main.o
 .debug_pubnames
                0x000000a5       0x44 gpio.o
 .debug_pubnames
                0x000000e9       0x54 pmc.o
 .debug_pubnames
                0x0000013d       0x2d debug.o
 .debug_pubnames
                0x0000016a       0x21 sdramc.o
 .debug_pubnames
                0x0000018b       0x61 nandflash.o
 .debug_pubnames
                0x000001ec       0x1d div0.o
 .debug_pubnames
                0x00000209       0x1b udiv.o
 .debug_pubnames
                0x00000224       0x32 string.o

.debug_ranges   0x00000000      0x2d0
 .debug_ranges  0x00000000       0x18 at91sam9g20ek.o
 .debug_ranges  0x00000018       0xc0 gpio.o
 .debug_ranges  0x000000d8       0xd8 pmc.o
 .debug_ranges  0x000001b0       0x78 debug.o
 .debug_ranges  0x00000228       0x68 sdramc.o
 .debug_ranges  0x00000290       0x40 nandflash.o

.debug_str      0x00000000      0x7ef
 .debug_str     0x00000000      0x1ad at91sam9g20ek.o
                                0x1d7 (size before relaxing)
 .debug_str     0x000001ad       0x15 main.o
                                 0xad (size before relaxing)
 .debug_str     0x000001c2       0xf9 gpio.o
                                0x1f4 (size before relaxing)
 .debug_str     0x000002bb       0x92 pmc.o
                                0x11f (size before relaxing)
 .debug_str     0x0000034d       0x49 debug.o
                                 0xcd (size before relaxing)
 .debug_str     0x00000396       0x4f sdramc.o
                                 0xdc (size before relaxing)
 .debug_str     0x000003e5      0x33b nandflash.o
                                0x3f5 (size before relaxing)
 .debug_str     0x00000720       0x1b div0.o
                                 0x80 (size before relaxing)
 .debug_str     0x0000073b       0x7e udiv.o
                                0x13d (size before relaxing)
 .debug_str     0x000007b9       0x36 string.o
                                 0xcc (size before relaxing)

.comment        0x00000000      0x302
 .comment       0x00000000       0x4d at91sam9g20ek.o
 .comment       0x0000004d       0x4d main.o
 .comment       0x0000009a       0x4d gpio.o
 .comment       0x000000e7       0x4d pmc.o
 .comment       0x00000134       0x4d debug.o
 .comment       0x00000181       0x4d sdramc.o
 .comment       0x000001ce       0x4d nandflash.o
 .comment       0x0000021b       0x4d div0.o
 .comment       0x00000268       0x4d udiv.o
 .comment       0x000002b5       0x4d string.o

.note.GNU-stack
                0x00000000        0x0
 .note.GNU-stack
                0x00000000        0x0 at91sam9g20ek.o
 .note.GNU-stack
                0x00000000        0x0 main.o
 .note.GNU-stack
                0x00000000        0x0 gpio.o
 .note.GNU-stack
                0x00000000        0x0 pmc.o
 .note.GNU-stack
                0x00000000        0x0 debug.o
 .note.GNU-stack
                0x00000000        0x0 sdramc.o
 .note.GNU-stack
                0x00000000        0x0 nandflash.o
 .note.GNU-stack
                0x00000000        0x0 div0.o
 .note.GNU-stack
                0x00000000        0x0 udiv.o
 .note.GNU-stack
                0x00000000        0x0 string.o

Cross Reference Table

Symbol                                            File
AT91F_NandEraseBlock0                             nandflash.o
                                                  at91sam9g20ek.o
AT91F_NandRead                                    nandflash.o
CheckBlock                                        nandflash.o
__aeabi_uidiv                                     _udivsi3.o
                                                  _umodsi3.o
                                                  nandflash.o
__aeabi_uidivmod                                  _umodsi3.o
                                                  nandflash.o
__div0                                            div0.o
                                                  _umodsi3.o
                                                  _udivsi3.o
__udivsi3                                         _udivsi3.o
__umodsi3                                         _umodsi3.o
_ebss                                             crt0_gnu.o
_edata                                            crt0_gnu.o
_etext                                            crt0_gnu.o
_sbss                                             crt0_gnu.o
_sdata                                            crt0_gnu.o
bcopy                                             string.o
dbg_init                                          debug.o
                                                  at91sam9g20ek.o
dbg_print                                         debug.o
                                                  nandflash.o
                                                  main.o
                                                  at91sam9g20ek.o
hw_init                                           at91sam9g20ek.o
                                                  main.o
load_nandflash                                    nandflash.o
                                                  main.o
main                                              main.o
                                                  crt0_gnu.o
memcpy                                            string.o
memset                                            string.o
nandflash_cfg_16bits_dbw_init                     at91sam9g20ek.o
nandflash_cfg_8bits_dbw_init                      at91sam9g20ek.o
                                                  nandflash.o
nandflash_hw_init                                 at91sam9g20ek.o
                                                  nandflash.o
pio_get_value                                     gpio.o
                                                  at91sam9g20ek.o
pio_set_value                                     gpio.o
pio_setup                                         gpio.o
                                                  at91sam9g20ek.o
pmc_cfg_mck                                       pmc.o
                                                  at91sam9g20ek.o
pmc_cfg_pck                                       pmc.o
pmc_cfg_plla                                      pmc.o
                                                  at91sam9g20ek.o
pmc_cfg_pllb                                      pmc.o
                                                  at91sam9g20ek.o
reset                                             crt0_gnu.o
sdram_init                                        sdramc.o
                                                  at91sam9g20ek.o
sdramc_hw_init                                    at91sam9g20ek.o
                                                  sdramc.o
udiv                                              udiv.o
