
Memory Configuration

Name             Origin             Length             Attributes
*default*        0x00000000         0xffffffff

Linker script and memory map

LOAD crt0_gnu.o
LOAD at91sam9xeek.o
LOAD main.o
LOAD gpio.o
LOAD pmc.o
LOAD debug.o
LOAD sdramc.o
LOAD dataflash.o
LOAD _udivsi3.o
LOAD _umodsi3.o
LOAD div0.o
LOAD udiv.o
LOAD string.o
                0x00000000                . = ALIGN (0x4)

.text           0x00200000      0xdb4
                0x00200000                _stext = .
 *(.text)
 .text          0x00200000      0x140 crt0_gnu.o
                0x00200000                reset
 .text          0x00200140      0x14c at91sam9xeek.o
                0x00200158                df_hw_init
                0x002001d4                hw_init
                0x00200140                sdramc_hw_init
                0x00200178                df_recovery
 .text          0x0020028c       0x34 main.o
                0x0020028c                main
 .text          0x002002c0      0x230 gpio.o
                0x002004a0                pio_set_value
                0x002002c8                pio_get_value
                0x00200304                pio_setup
 .text          0x002004f0       0xd4 pmc.o
                0x002004f0                pmc_cfg_plla
                0x0020055c                pmc_cfg_mck
                0x00200590                pmc_cfg_pllb
                0x00200524                pmc_cfg_pck
 .text          0x002005c4        0x0 debug.o
 .text          0x002005c4      0x134 sdramc.o
                0x002005c4                sdram_init
 .text          0x002006f8      0x3b0 dataflash.o
                0x002008c0                load_df
                0x002006f8                df_send_command
 .text          0x00200aa8       0x98 _udivsi3.o
                0x00200aa8                __udivsi3
                0x00200aa8                __aeabi_uidiv
 .text          0x00200b40       0xcc _umodsi3.o
                0x00200b40                __umodsi3
                0x00200bf4                __aeabi_uidivmod
 .text          0x00200c0c        0x4 div0.o
                0x00200c0c                __div0
 .text          0x00200c10       0x54 udiv.o
                0x00200c10                udiv
 .text          0x00200c64       0xa0 string.o
                0x00200ce4                memcpy
                0x00200c80                bcopy
                0x00200c64                memset
 *(.rodata)
 .rodata        0x00200d04       0x8c at91sam9xeek.o
 *(.rodata*)
 .rodata.str1.4
                0x00200d90       0x24 at91sam9xeek.o
                0x00200db4                . = ALIGN (0x4)
                0x00200db4                _etext = .

.glue_7         0x00200db4        0x0
 .glue_7        0x00200db4        0x0 crt0_gnu.o
 .glue_7        0x00200db4        0x0 at91sam9xeek.o
 .glue_7        0x00200db4        0x0 main.o
 .glue_7        0x00200db4        0x0 gpio.o
 .glue_7        0x00200db4        0x0 pmc.o
 .glue_7        0x00200db4        0x0 debug.o
 .glue_7        0x00200db4        0x0 sdramc.o
 .glue_7        0x00200db4        0x0 dataflash.o
 .glue_7        0x00200db4        0x0 _udivsi3.o
 .glue_7        0x00200db4        0x0 _umodsi3.o
 .glue_7        0x00200db4        0x0 div0.o
 .glue_7        0x00200db4        0x0 udiv.o
 .glue_7        0x00200db4        0x0 string.o

.glue_7t        0x00200db4        0x0
 .glue_7t       0x00200db4        0x0 crt0_gnu.o
 .glue_7t       0x00200db4        0x0 at91sam9xeek.o
 .glue_7t       0x00200db4        0x0 main.o
 .glue_7t       0x00200db4        0x0 gpio.o
 .glue_7t       0x00200db4        0x0 pmc.o
 .glue_7t       0x00200db4        0x0 debug.o
 .glue_7t       0x00200db4        0x0 sdramc.o
 .glue_7t       0x00200db4        0x0 dataflash.o
 .glue_7t       0x00200db4        0x0 _udivsi3.o
 .glue_7t       0x00200db4        0x0 _umodsi3.o
 .glue_7t       0x00200db4        0x0 div0.o
 .glue_7t       0x00200db4        0x0 udiv.o
 .glue_7t       0x00200db4        0x0 string.o

.vfp11_veneer   0x00200db4        0x0
 .vfp11_veneer  0x00200db4        0x0 crt0_gnu.o
 .vfp11_veneer  0x00200db4        0x0 at91sam9xeek.o
 .vfp11_veneer  0x00200db4        0x0 main.o
 .vfp11_veneer  0x00200db4        0x0 gpio.o
 .vfp11_veneer  0x00200db4        0x0 pmc.o
 .vfp11_veneer  0x00200db4        0x0 debug.o
 .vfp11_veneer  0x00200db4        0x0 sdramc.o
 .vfp11_veneer  0x00200db4        0x0 dataflash.o
 .vfp11_veneer  0x00200db4        0x0 _udivsi3.o
 .vfp11_veneer  0x00200db4        0x0 _umodsi3.o
 .vfp11_veneer  0x00200db4        0x0 div0.o
 .vfp11_veneer  0x00200db4        0x0 udiv.o
 .vfp11_veneer  0x00200db4        0x0 string.o

.data           0x00300000        0x0 load address 0x00200db4
                0x00300000                _sdata = .
 *(.vectors)
 *(.data)
 .data          0x00300000        0x0 crt0_gnu.o
 .data          0x00300000        0x0 at91sam9xeek.o
 .data          0x00300000        0x0 main.o
 .data          0x00300000        0x0 gpio.o
 .data          0x00300000        0x0 pmc.o
 .data          0x00300000        0x0 debug.o
 .data          0x00300000        0x0 sdramc.o
 .data          0x00300000        0x0 dataflash.o
 .data          0x00300000        0x0 _udivsi3.o
 .data          0x00300000        0x0 _umodsi3.o
 .data          0x00300000        0x0 div0.o
 .data          0x00300000        0x0 udiv.o
 .data          0x00300000        0x0 string.o
                0x00300000                _edata = .

.bss            0x00300000        0x0
                0x00300000                . = ALIGN (0x4)
                0x00300000                _sbss = .
 *(.bss)
 .bss           0x00300000        0x0 crt0_gnu.o
 .bss           0x00300000        0x0 at91sam9xeek.o
 .bss           0x00300000        0x0 main.o
 .bss           0x00300000        0x0 gpio.o
 .bss           0x00300000        0x0 pmc.o
 .bss           0x00300000        0x0 debug.o
 .bss           0x00300000        0x0 sdramc.o
 .bss           0x00300000        0x0 dataflash.o
 .bss           0x00300000        0x0 _udivsi3.o
 .bss           0x00300000        0x0 _umodsi3.o
 .bss           0x00300000        0x0 div0.o
 .bss           0x00300000        0x0 udiv.o
 .bss           0x00300000        0x0 string.o
                0x00300000                _ebss = .
                0x00300000                end = .
Address of section .text set to 0x200000
Address of section .data set to 0x300000
OUTPUT(dataflash_at91sam9xeek.elf elf32-littlearm)
                0x00300000                . = ALIGN (0x1)
                0x00300000                __start_start = .

start           0x00000000        0x0
 start          0x00000000        0x0 crt0_gnu.o
                0x00000000                __stop_start = .

.ARM.attributes
                0x00000000       0x10
 .ARM.attributes
                0x00000000       0x1a crt0_gnu.o
 .ARM.attributes
                0x0000001a       0x2a at91sam9xeek.o
 .ARM.attributes
                0x00000044       0x2a main.o
 .ARM.attributes
                0x0000006e       0x2a gpio.o
 .ARM.attributes
                0x00000098       0x2a pmc.o
 .ARM.attributes
                0x000000c2       0x28 debug.o
 .ARM.attributes
                0x000000ea       0x2a sdramc.o
 .ARM.attributes
                0x00000114       0x2a dataflash.o
 .ARM.attributes
                0x0000013e       0x1a _udivsi3.o
 .ARM.attributes
                0x00000158       0x1a _umodsi3.o
 .ARM.attributes
                0x00000172       0x2a div0.o
 .ARM.attributes
                0x0000019c       0x2a udiv.o
 .ARM.attributes
                0x000001c6       0x2a string.o

.debug_line     0x00000000      0x815
 .debug_line    0x00000000       0x84 crt0_gnu.o
 .debug_line    0x00000084       0xe6 at91sam9xeek.o
 .debug_line    0x0000016a       0x49 main.o
 .debug_line    0x000001b3      0x125 gpio.o
 .debug_line    0x000002d8       0x82 pmc.o
 .debug_line    0x0000035a       0x1d debug.o
 .debug_line    0x00000377       0xc7 sdramc.o
 .debug_line    0x0000043e      0x1ab dataflash.o
 .debug_line    0x000005e9       0x6c _udivsi3.o
 .debug_line    0x00000655       0x79 _umodsi3.o
 .debug_line    0x000006ce       0x43 div0.o
 .debug_line    0x00000711       0xb2 udiv.o
 .debug_line    0x000007c3       0x52 string.o

.debug_info     0x00000000     0x1c03
 .debug_info    0x00000000       0x7c crt0_gnu.o
 .debug_info    0x0000007c      0x31a at91sam9xeek.o
 .debug_info    0x00000396       0x65 main.o
 .debug_info    0x000003fb      0x7f0 gpio.o
 .debug_info    0x00000beb      0x23a pmc.o
 .debug_info    0x00000e25        0x0 debug.o
 .debug_info    0x00000e25      0x232 sdramc.o
 .debug_info    0x00001057      0x800 dataflash.o
 .debug_info    0x00001857       0x80 _udivsi3.o
 .debug_info    0x000018d7       0x80 _umodsi3.o
 .debug_info    0x00001957       0x39 div0.o
 .debug_info    0x00001990      0x12a udiv.o
 .debug_info    0x00001aba      0x149 string.o

.debug_abbrev   0x00000000      0x9fb
 .debug_abbrev  0x00000000       0x14 crt0_gnu.o
 .debug_abbrev  0x00000014      0x175 at91sam9xeek.o
 .debug_abbrev  0x00000189       0x4a main.o
 .debug_abbrev  0x000001d3      0x1ce gpio.o
 .debug_abbrev  0x000003a1      0x105 pmc.o
 .debug_abbrev  0x000004a6        0x1 debug.o
 .debug_abbrev  0x000004a7       0xcc sdramc.o
 .debug_abbrev  0x00000573      0x28c dataflash.o
 .debug_abbrev  0x000007ff       0x14 _udivsi3.o
 .debug_abbrev  0x00000813       0x14 _umodsi3.o
 .debug_abbrev  0x00000827       0x29 div0.o
 .debug_abbrev  0x00000850       0xcb udiv.o
 .debug_abbrev  0x0000091b       0xe0 string.o

.debug_aranges  0x00000000      0x180
 .debug_aranges
                0x00000000       0x20 crt0_gnu.o
 .debug_aranges
                0x00000020       0x20 at91sam9xeek.o
 .debug_aranges
                0x00000040       0x20 main.o
 .debug_aranges
                0x00000060       0x20 gpio.o
 .debug_aranges
                0x00000080       0x20 pmc.o
 .debug_aranges
                0x000000a0       0x20 sdramc.o
 .debug_aranges
                0x000000c0       0x20 dataflash.o
 .debug_aranges
                0x000000e0       0x20 _udivsi3.o
 .debug_aranges
                0x00000100       0x20 _umodsi3.o
 .debug_aranges
                0x00000120       0x20 div0.o
 .debug_aranges
                0x00000140       0x20 udiv.o
 .debug_aranges
                0x00000160       0x20 string.o

.debug_frame    0x00000000      0x298
 .debug_frame   0x00000000       0x70 at91sam9xeek.o
 .debug_frame   0x00000070       0x28 main.o
 .debug_frame   0x00000098       0x74 gpio.o
 .debug_frame   0x0000010c       0x50 pmc.o
 .debug_frame   0x0000015c       0x30 sdramc.o
 .debug_frame   0x0000018c       0x7c dataflash.o
 .debug_frame   0x00000208       0x20 div0.o
 .debug_frame   0x00000228       0x28 udiv.o
 .debug_frame   0x00000250       0x48 string.o

.debug_loc      0x00000000      0x9b0
 .debug_loc     0x00000000       0xb2 at91sam9xeek.o
 .debug_loc     0x000000b2       0x1f main.o
 .debug_loc     0x000000d1      0x394 gpio.o
 .debug_loc     0x00000465       0x93 pmc.o
 .debug_loc     0x000004f8       0x98 sdramc.o
 .debug_loc     0x00000590      0x2df dataflash.o
 .debug_loc     0x0000086f       0x63 udiv.o
 .debug_loc     0x000008d2       0xde string.o

.debug_pubnames
                0x00000000      0x1c0
 .debug_pubnames
                0x00000000       0x50 at91sam9xeek.o
 .debug_pubnames
                0x00000050       0x1b main.o
 .debug_pubnames
                0x0000006b       0x44 gpio.o
 .debug_pubnames
                0x000000af       0x54 pmc.o
 .debug_pubnames
                0x00000103       0x21 sdramc.o
 .debug_pubnames
                0x00000124       0x32 dataflash.o
 .debug_pubnames
                0x00000156       0x1d div0.o
 .debug_pubnames
                0x00000173       0x1b udiv.o
 .debug_pubnames
                0x0000018e       0x32 string.o

.debug_str      0x00000000      0x5e9
 .debug_str     0x00000000      0x1ec at91sam9xeek.o
                                0x240 (size before relaxing)
 .debug_str     0x000001ec       0x28 main.o
                                 0xac (size before relaxing)
 .debug_str     0x00000214       0xf2 gpio.o
                                0x1f3 (size before relaxing)
 .debug_str     0x00000306       0x92 pmc.o
                                0x11e (size before relaxing)
 .debug_str     0x00000398       0x4f sdramc.o
                                 0xdb (size before relaxing)
 .debug_str     0x000003e7      0x16d dataflash.o
                                0x318 (size before relaxing)
 .debug_str     0x00000554       0x1b div0.o
                                 0x7f (size before relaxing)
 .debug_str     0x0000056f       0x3d udiv.o
                                0x13c (size before relaxing)
 .debug_str     0x000005ac       0x3d string.o
                                 0xcb (size before relaxing)

.comment        0x00000000      0x302
 .comment       0x00000000       0x4d at91sam9xeek.o
 .comment       0x0000004d       0x4d main.o
 .comment       0x0000009a       0x4d gpio.o
 .comment       0x000000e7       0x4d pmc.o
 .comment       0x00000134       0x4d debug.o
 .comment       0x00000181       0x4d sdramc.o
 .comment       0x000001ce       0x4d dataflash.o
 .comment       0x0000021b       0x4d div0.o
 .comment       0x00000268       0x4d udiv.o
 .comment       0x000002b5       0x4d string.o

.note.GNU-stack
                0x00000000        0x0
 .note.GNU-stack
                0x00000000        0x0 at91sam9xeek.o
 .note.GNU-stack
                0x00000000        0x0 main.o
 .note.GNU-stack
                0x00000000        0x0 gpio.o
 .note.GNU-stack
                0x00000000        0x0 pmc.o
 .note.GNU-stack
                0x00000000        0x0 debug.o
 .note.GNU-stack
                0x00000000        0x0 sdramc.o
 .note.GNU-stack
                0x00000000        0x0 dataflash.o
 .note.GNU-stack
                0x00000000        0x0 div0.o
 .note.GNU-stack
                0x00000000        0x0 udiv.o
 .note.GNU-stack
                0x00000000        0x0 string.o

.debug_ranges   0x00000000      0x3e0
 .debug_ranges  0x00000000       0xa8 gpio.o
 .debug_ranges  0x000000a8       0xc0 pmc.o
 .debug_ranges  0x00000168       0x80 sdramc.o
 .debug_ranges  0x000001e8      0x1f8 dataflash.o

Cross Reference Table

Symbol                                            File
__aeabi_uidiv                                     _udivsi3.o
                                                  _umodsi3.o
__aeabi_uidivmod                                  _umodsi3.o
__div0                                            div0.o
                                                  _umodsi3.o
                                                  _udivsi3.o
__udivsi3                                         _udivsi3.o
__umodsi3                                         _umodsi3.o
_ebss                                             crt0_gnu.o
_edata                                            crt0_gnu.o
_etext                                            crt0_gnu.o
_sbss                                             crt0_gnu.o
_sdata                                            crt0_gnu.o
bcopy                                             string.o
df_hw_init                                        at91sam9xeek.o
                                                  dataflash.o
df_recovery                                       at91sam9xeek.o
                                                  dataflash.o
df_send_command                                   dataflash.o
                                                  at91sam9xeek.o
hw_init                                           at91sam9xeek.o
                                                  main.o
load_df                                           dataflash.o
                                                  main.o
main                                              main.o
                                                  crt0_gnu.o
memcpy                                            string.o
memset                                            string.o
                                                  at91sam9xeek.o
pio_get_value                                     gpio.o
                                                  at91sam9xeek.o
pio_set_value                                     gpio.o
pio_setup                                         gpio.o
                                                  at91sam9xeek.o
pmc_cfg_mck                                       pmc.o
                                                  at91sam9xeek.o
pmc_cfg_pck                                       pmc.o
pmc_cfg_plla                                      pmc.o
                                                  at91sam9xeek.o
pmc_cfg_pllb                                      pmc.o
                                                  at91sam9xeek.o
reset                                             crt0_gnu.o
sdram_init                                        sdramc.o
                                                  at91sam9xeek.o
sdramc_hw_init                                    at91sam9xeek.o
                                                  sdramc.o
udiv                                              udiv.o
                                                  dataflash.o
