
Memory Configuration

Name             Origin             Length             Attributes
*default*        0x00000000         0xffffffff

Linker script and memory map

LOAD crt0_gnu.o
LOAD at91sam9g10ek.o
LOAD main.o
LOAD gpio.o
LOAD pmc.o
LOAD debug.o
LOAD sdramc.o
LOAD dataflash.o
LOAD _udivsi3.o
LOAD _umodsi3.o
LOAD div0.o
LOAD udiv.o
LOAD string.o
                0x00000000                . = ALIGN (0x4)

.text           0x00300000      0xfc8
                0x00300000                _stext = .
 *(.text)
 .text          0x00300000      0x130 crt0_gnu.o
                0x00300000                reset
 .text          0x00300130      0x118 at91sam9g10ek.o
                0x00300130                df_hw_init
                0x00300170                hw_init
                0x00300150                sdramc_hw_init
 .text          0x00300248       0x34 main.o
                0x00300248                main
 .text          0x0030027c      0x230 gpio.o
                0x0030045c                pio_set_value
                0x00300284                pio_get_value
                0x003002c0                pio_setup
 .text          0x003004ac       0xd4 pmc.o
                0x003004ac                pmc_cfg_plla
                0x00300518                pmc_cfg_mck
                0x0030054c                pmc_cfg_pllb
                0x003004e0                pmc_cfg_pck
 .text          0x00300580       0x58 debug.o
                0x00300580                dbg_print
                0x003005b0                dbg_init
 .text          0x003005d8      0x134 sdramc.o
                0x003005d8                sdram_init
 .text          0x0030070c      0x3cc dataflash.o
                0x003008d4                load_df
                0x0030070c                df_send_command
 .text          0x00300ad8       0x98 _udivsi3.o
                0x00300ad8                __udivsi3
                0x00300ad8                __aeabi_uidiv
 .text          0x00300b70       0xcc _umodsi3.o
                0x00300b70                __umodsi3
                0x00300c24                __aeabi_uidivmod
 .text          0x00300c3c        0x4 div0.o
                0x00300c3c                __div0
 .text          0x00300c40       0x54 udiv.o
                0x00300c40                udiv
 .text          0x00300c94       0xa0 string.o
                0x00300d14                memcpy
                0x00300cb0                bcopy
                0x00300c94                memset
 *(.rodata)
 .rodata        0x00300d34      0x1f4 at91sam9g10ek.o
 *(.rodata*)
 .rodata.str1.4
                0x00300f28       0x84 at91sam9g10ek.o
 .rodata.str1.4
                0x00300fac       0x1c dataflash.o
                0x00300fc8                . = ALIGN (0x4)
                0x00300fc8                _etext = .

.glue_7         0x00300fc8        0x0
 .glue_7        0x00300fc8        0x0 crt0_gnu.o
 .glue_7        0x00300fc8        0x0 at91sam9g10ek.o
 .glue_7        0x00300fc8        0x0 main.o
 .glue_7        0x00300fc8        0x0 gpio.o
 .glue_7        0x00300fc8        0x0 pmc.o
 .glue_7        0x00300fc8        0x0 debug.o
 .glue_7        0x00300fc8        0x0 sdramc.o
 .glue_7        0x00300fc8        0x0 dataflash.o
 .glue_7        0x00300fc8        0x0 _udivsi3.o
 .glue_7        0x00300fc8        0x0 _umodsi3.o
 .glue_7        0x00300fc8        0x0 div0.o
 .glue_7        0x00300fc8        0x0 udiv.o
 .glue_7        0x00300fc8        0x0 string.o

.glue_7t        0x00300fc8        0x0
 .glue_7t       0x00300fc8        0x0 crt0_gnu.o
 .glue_7t       0x00300fc8        0x0 at91sam9g10ek.o
 .glue_7t       0x00300fc8        0x0 main.o
 .glue_7t       0x00300fc8        0x0 gpio.o
 .glue_7t       0x00300fc8        0x0 pmc.o
 .glue_7t       0x00300fc8        0x0 debug.o
 .glue_7t       0x00300fc8        0x0 sdramc.o
 .glue_7t       0x00300fc8        0x0 dataflash.o
 .glue_7t       0x00300fc8        0x0 _udivsi3.o
 .glue_7t       0x00300fc8        0x0 _umodsi3.o
 .glue_7t       0x00300fc8        0x0 div0.o
 .glue_7t       0x00300fc8        0x0 udiv.o
 .glue_7t       0x00300fc8        0x0 string.o

.vfp11_veneer   0x00300fc8        0x0
 .vfp11_veneer  0x00300fc8        0x0 crt0_gnu.o
 .vfp11_veneer  0x00300fc8        0x0 at91sam9g10ek.o
 .vfp11_veneer  0x00300fc8        0x0 main.o
 .vfp11_veneer  0x00300fc8        0x0 gpio.o
 .vfp11_veneer  0x00300fc8        0x0 pmc.o
 .vfp11_veneer  0x00300fc8        0x0 debug.o
 .vfp11_veneer  0x00300fc8        0x0 sdramc.o
 .vfp11_veneer  0x00300fc8        0x0 dataflash.o
 .vfp11_veneer  0x00300fc8        0x0 _udivsi3.o
 .vfp11_veneer  0x00300fc8        0x0 _umodsi3.o
 .vfp11_veneer  0x00300fc8        0x0 div0.o
 .vfp11_veneer  0x00300fc8        0x0 udiv.o
 .vfp11_veneer  0x00300fc8        0x0 string.o

.data           0x00300fc8        0x0 load address 0x00300fc8
                0x00300fc8                _sdata = .
 *(.vectors)
 *(.data)
 .data          0x00300fc8        0x0 crt0_gnu.o
 .data          0x00300fc8        0x0 at91sam9g10ek.o
 .data          0x00300fc8        0x0 main.o
 .data          0x00300fc8        0x0 gpio.o
 .data          0x00300fc8        0x0 pmc.o
 .data          0x00300fc8        0x0 debug.o
 .data          0x00300fc8        0x0 sdramc.o
 .data          0x00300fc8        0x0 dataflash.o
 .data          0x00300fc8        0x0 _udivsi3.o
 .data          0x00300fc8        0x0 _umodsi3.o
 .data          0x00300fc8        0x0 div0.o
 .data          0x00300fc8        0x0 udiv.o
 .data          0x00300fc8        0x0 string.o
                0x00300fc8                _edata = .

.bss            0x00300fc8        0x0
                0x00300fc8                . = ALIGN (0x4)
                0x00300fc8                _sbss = .
 *(.bss)
 .bss           0x00300fc8        0x0 crt0_gnu.o
 .bss           0x00300fc8        0x0 at91sam9g10ek.o
 .bss           0x00300fc8        0x0 main.o
 .bss           0x00300fc8        0x0 gpio.o
 .bss           0x00300fc8        0x0 pmc.o
 .bss           0x00300fc8        0x0 debug.o
 .bss           0x00300fc8        0x0 sdramc.o
 .bss           0x00300fc8        0x0 dataflash.o
 .bss           0x00300fc8        0x0 _udivsi3.o
 .bss           0x00300fc8        0x0 _umodsi3.o
 .bss           0x00300fc8        0x0 div0.o
 .bss           0x00300fc8        0x0 udiv.o
 .bss           0x00300fc8        0x0 string.o
                0x00300fc8                _ebss = .
                0x00300fc8                end = .
Address of section .text set to 0x300000
OUTPUT(dataflash_at91sam9g10ek.elf elf32-littlearm)
                0x00300fc8                . = ALIGN (0x1)
                0x00300fc8                __start_start = .

start           0x00000000        0x0
 start          0x00000000        0x0 crt0_gnu.o
                0x00000000                __stop_start = .

.ARM.attributes
                0x00000000       0x10
 .ARM.attributes
                0x00000000       0x1a crt0_gnu.o
 .ARM.attributes
                0x0000001a       0x2a at91sam9g10ek.o
 .ARM.attributes
                0x00000044       0x2a main.o
 .ARM.attributes
                0x0000006e       0x2a gpio.o
 .ARM.attributes
                0x00000098       0x2a pmc.o
 .ARM.attributes
                0x000000c2       0x2a debug.o
 .ARM.attributes
                0x000000ec       0x2a sdramc.o
 .ARM.attributes
                0x00000116       0x2a dataflash.o
 .ARM.attributes
                0x00000140       0x1a _udivsi3.o
 .ARM.attributes
                0x0000015a       0x1a _umodsi3.o
 .ARM.attributes
                0x00000174       0x2a div0.o
 .ARM.attributes
                0x0000019e       0x2a udiv.o
 .ARM.attributes
                0x000001c8       0x2a string.o

.debug_line     0x00000000      0x85e
 .debug_line    0x00000000       0x84 crt0_gnu.o
 .debug_line    0x00000084       0xdf at91sam9g10ek.o
 .debug_line    0x00000163       0x49 main.o
 .debug_line    0x000001ac      0x125 gpio.o
 .debug_line    0x000002d1       0x82 pmc.o
 .debug_line    0x00000353       0x63 debug.o
 .debug_line    0x000003b6       0xc7 sdramc.o
 .debug_line    0x0000047d      0x1b5 dataflash.o
 .debug_line    0x00000632       0x6c _udivsi3.o
 .debug_line    0x0000069e       0x79 _umodsi3.o
 .debug_line    0x00000717       0x43 div0.o
 .debug_line    0x0000075a       0xb2 udiv.o
 .debug_line    0x0000080c       0x52 string.o

.debug_info     0x00000000     0x1c64
 .debug_info    0x00000000       0x7d crt0_gnu.o
 .debug_info    0x0000007d      0x202 at91sam9g10ek.o
 .debug_info    0x0000027f       0x65 main.o
 .debug_info    0x000002e4      0x7f0 gpio.o
 .debug_info    0x00000ad4      0x23a pmc.o
 .debug_info    0x00000d0e      0x17a debug.o
 .debug_info    0x00000e88      0x232 sdramc.o
 .debug_info    0x000010ba      0x7fc dataflash.o
 .debug_info    0x000018b6       0x81 _udivsi3.o
 .debug_info    0x00001937       0x81 _umodsi3.o
 .debug_info    0x000019b8       0x39 div0.o
 .debug_info    0x000019f1      0x12a udiv.o
 .debug_info    0x00001b1b      0x149 string.o

.debug_abbrev   0x00000000      0xabf
 .debug_abbrev  0x00000000       0x14 crt0_gnu.o
 .debug_abbrev  0x00000014      0x11b at91sam9g10ek.o
 .debug_abbrev  0x0000012f       0x4a main.o
 .debug_abbrev  0x00000179      0x1ce gpio.o
 .debug_abbrev  0x00000347      0x105 pmc.o
 .debug_abbrev  0x0000044c      0x107 debug.o
 .debug_abbrev  0x00000553       0xcc sdramc.o
 .debug_abbrev  0x0000061f      0x2a4 dataflash.o
 .debug_abbrev  0x000008c3       0x14 _udivsi3.o
 .debug_abbrev  0x000008d7       0x14 _umodsi3.o
 .debug_abbrev  0x000008eb       0x29 div0.o
 .debug_abbrev  0x00000914       0xcb udiv.o
 .debug_abbrev  0x000009df       0xe0 string.o

.debug_aranges  0x00000000      0x1a0
 .debug_aranges
                0x00000000       0x20 crt0_gnu.o
 .debug_aranges
                0x00000020       0x20 at91sam9g10ek.o
 .debug_aranges
                0x00000040       0x20 main.o
 .debug_aranges
                0x00000060       0x20 gpio.o
 .debug_aranges
                0x00000080       0x20 pmc.o
 .debug_aranges
                0x000000a0       0x20 debug.o
 .debug_aranges
                0x000000c0       0x20 sdramc.o
 .debug_aranges
                0x000000e0       0x20 dataflash.o
 .debug_aranges
                0x00000100       0x20 _udivsi3.o
 .debug_aranges
                0x00000120       0x20 _umodsi3.o
 .debug_aranges
                0x00000140       0x20 div0.o
 .debug_aranges
                0x00000160       0x20 udiv.o
 .debug_aranges
                0x00000180       0x20 string.o

.debug_frame    0x00000000      0x2b0
 .debug_frame   0x00000000       0x58 at91sam9g10ek.o
 .debug_frame   0x00000058       0x28 main.o
 .debug_frame   0x00000080       0x74 gpio.o
 .debug_frame   0x000000f4       0x50 pmc.o
 .debug_frame   0x00000144       0x30 debug.o
 .debug_frame   0x00000174       0x30 sdramc.o
 .debug_frame   0x000001a4       0x7c dataflash.o
 .debug_frame   0x00000220       0x20 div0.o
 .debug_frame   0x00000240       0x28 udiv.o
 .debug_frame   0x00000268       0x48 string.o

.debug_loc      0x00000000      0x94a
 .debug_loc     0x00000000       0x88 at91sam9g10ek.o
 .debug_loc     0x00000088       0x1f main.o
 .debug_loc     0x000000a7      0x394 gpio.o
 .debug_loc     0x0000043b       0x93 pmc.o
 .debug_loc     0x000004ce       0x98 sdramc.o
 .debug_loc     0x00000566      0x2a3 dataflash.o
 .debug_loc     0x00000809       0x63 udiv.o
 .debug_loc     0x0000086c       0xde string.o

.debug_pubnames
                0x00000000      0x1dd
 .debug_pubnames
                0x00000000       0x40 at91sam9g10ek.o
 .debug_pubnames
                0x00000040       0x1b main.o
 .debug_pubnames
                0x0000005b       0x44 gpio.o
 .debug_pubnames
                0x0000009f       0x54 pmc.o
 .debug_pubnames
                0x000000f3       0x2d debug.o
 .debug_pubnames
                0x00000120       0x21 sdramc.o
 .debug_pubnames
                0x00000141       0x32 dataflash.o
 .debug_pubnames
                0x00000173       0x1d div0.o
 .debug_pubnames
                0x00000190       0x1b udiv.o
 .debug_pubnames
                0x000001ab       0x32 string.o

.debug_str      0x00000000      0x62c
 .debug_str     0x00000000      0x14b at91sam9g10ek.o
                                0x175 (size before relaxing)
 .debug_str     0x0000014b       0x28 main.o
                                 0xad (size before relaxing)
 .debug_str     0x00000173       0xf2 gpio.o
                                0x1f4 (size before relaxing)
 .debug_str     0x00000265       0x92 pmc.o
                                0x11f (size before relaxing)
 .debug_str     0x000002f7       0x49 debug.o
                                 0xcd (size before relaxing)
 .debug_str     0x00000340       0x4f sdramc.o
                                 0xdc (size before relaxing)
 .debug_str     0x0000038f      0x208 dataflash.o
                                0x319 (size before relaxing)
 .debug_str     0x00000597       0x1b div0.o
                                 0x80 (size before relaxing)
 .debug_str     0x000005b2       0x3d udiv.o
                                0x13d (size before relaxing)
 .debug_str     0x000005ef       0x3d string.o
                                 0xcc (size before relaxing)

.comment        0x00000000      0x302
 .comment       0x00000000       0x4d at91sam9g10ek.o
 .comment       0x0000004d       0x4d main.o
 .comment       0x0000009a       0x4d gpio.o
 .comment       0x000000e7       0x4d pmc.o
 .comment       0x00000134       0x4d debug.o
 .comment       0x00000181       0x4d sdramc.o
 .comment       0x000001ce       0x4d dataflash.o
 .comment       0x0000021b       0x4d div0.o
 .comment       0x00000268       0x4d udiv.o
 .comment       0x000002b5       0x4d string.o

.note.GNU-stack
                0x00000000        0x0
 .note.GNU-stack
                0x00000000        0x0 at91sam9g10ek.o
 .note.GNU-stack
                0x00000000        0x0 main.o
 .note.GNU-stack
                0x00000000        0x0 gpio.o
 .note.GNU-stack
                0x00000000        0x0 pmc.o
 .note.GNU-stack
                0x00000000        0x0 debug.o
 .note.GNU-stack
                0x00000000        0x0 sdramc.o
 .note.GNU-stack
                0x00000000        0x0 dataflash.o
 .note.GNU-stack
                0x00000000        0x0 div0.o
 .note.GNU-stack
                0x00000000        0x0 udiv.o
 .note.GNU-stack
                0x00000000        0x0 string.o

.debug_ranges   0x00000000      0x480
 .debug_ranges  0x00000000       0xa8 gpio.o
 .debug_ranges  0x000000a8       0xc0 pmc.o
 .debug_ranges  0x00000168       0x78 debug.o
 .debug_ranges  0x000001e0       0x80 sdramc.o
 .debug_ranges  0x00000260      0x220 dataflash.o

Cross Reference Table

Symbol                                            File
__aeabi_uidiv                                     _udivsi3.o
                                                  _umodsi3.o
__aeabi_uidivmod                                  _umodsi3.o
__div0                                            div0.o
                                                  _umodsi3.o
                                                  _udivsi3.o
__udivsi3                                         _udivsi3.o
__umodsi3                                         _umodsi3.o
_ebss                                             crt0_gnu.o
_edata                                            crt0_gnu.o
_etext                                            crt0_gnu.o
_sbss                                             crt0_gnu.o
_sdata                                            crt0_gnu.o
bcopy                                             string.o
dbg_init                                          debug.o
                                                  at91sam9g10ek.o
dbg_print                                         debug.o
                                                  dataflash.o
                                                  at91sam9g10ek.o
df_hw_init                                        at91sam9g10ek.o
                                                  dataflash.o
df_send_command                                   dataflash.o
hw_init                                           at91sam9g10ek.o
                                                  main.o
load_df                                           dataflash.o
                                                  main.o
main                                              main.o
                                                  crt0_gnu.o
memcpy                                            string.o
memset                                            string.o
pio_get_value                                     gpio.o
pio_set_value                                     gpio.o
pio_setup                                         gpio.o
                                                  at91sam9g10ek.o
pmc_cfg_mck                                       pmc.o
                                                  at91sam9g10ek.o
pmc_cfg_pck                                       pmc.o
pmc_cfg_plla                                      pmc.o
                                                  at91sam9g10ek.o
pmc_cfg_pllb                                      pmc.o
                                                  at91sam9g10ek.o
reset                                             crt0_gnu.o
sdram_init                                        sdramc.o
                                                  at91sam9g10ek.o
sdramc_hw_init                                    at91sam9g10ek.o
                                                  sdramc.o
udiv                                              udiv.o
                                                  dataflash.o
