
Memory Configuration

Name             Origin             Length             Attributes
*default*        0x00000000         0xffffffff

Linker script and memory map

LOAD crt0_gnu.o
LOAD at91sam9263ek.o
LOAD main.o
LOAD gpio.o
LOAD pmc.o
LOAD debug.o
LOAD sdramc.o
LOAD nandflash.o
LOAD _udivsi3.o
LOAD _umodsi3.o
LOAD div0.o
LOAD udiv.o
LOAD string.o
                0x00000000                . = ALIGN (0x4)

.text           0x00300000     0x21b8
                0x00300000                _stext = .
 *(.text)
 .text          0x00300000      0x130 crt0_gnu.o
                0x00300000                reset
 .text          0x00300130      0x200 at91sam9263ek.o
                0x003002d8                nandflash_cfg_16bits_dbw_init
                0x00300304                nandflash_cfg_8bits_dbw_init
                0x00300130                hw_init
                0x00300234                nandflash_hw_init
                0x00300214                sdramc_hw_init
 .text          0x00300330       0x34 main.o
                0x00300330                main
 .text          0x00300364      0x8cc gpio.o
                0x003008f8                pio_set_value
                0x0030099c                pio_get_value
                0x00300a5c                pio_setup
 .text          0x00300c30      0x288 pmc.o
                0x00300c30                pmc_cfg_plla
                0x00300d98                pmc_cfg_mck
                0x00300d14                pmc_cfg_pllb
                0x00300e1c                pmc_cfg_pck
 .text          0x00300eb8        0x0 debug.o
 .text          0x00300eb8      0x234 sdramc.o
                0x00300eb8                sdram_init
 .text          0x003010ec      0xac8 nandflash.o
                0x003017e8                CheckBlock
                0x003018c4                AT91F_NandRead
                0x00301408                AT91F_NandEraseBlock0
                0x00301960                load_nandflash
 .text          0x00301bb4       0x98 _udivsi3.o
                0x00301bb4                __udivsi3
                0x00301bb4                __aeabi_uidiv
 .text          0x00301c4c       0xcc _umodsi3.o
                0x00301c4c                __umodsi3
                0x00301d00                __aeabi_uidivmod
 .text          0x00301d18        0xc div0.o
                0x00301d18                __div0
 .text          0x00301d24      0x104 udiv.o
                0x00301d24                udiv
 .text          0x00301e28      0x19c string.o
                0x00301f7c                memcpy
                0x00301e94                bcopy
                0x00301e28                memset
 *(.rodata)
 .rodata        0x00301fc4      0x1f4 at91sam9263ek.o
 *(.rodata*)
                0x003021b8                . = ALIGN (0x4)
                0x003021b8                _etext = .

.glue_7         0x003021b8        0x0
 .glue_7        0x003021b8        0x0 crt0_gnu.o
 .glue_7        0x003021b8        0x0 at91sam9263ek.o
 .glue_7        0x003021b8        0x0 main.o
 .glue_7        0x003021b8        0x0 gpio.o
 .glue_7        0x003021b8        0x0 pmc.o
 .glue_7        0x003021b8        0x0 debug.o
 .glue_7        0x003021b8        0x0 sdramc.o
 .glue_7        0x003021b8        0x0 nandflash.o
 .glue_7        0x003021b8        0x0 _udivsi3.o
 .glue_7        0x003021b8        0x0 _umodsi3.o
 .glue_7        0x003021b8        0x0 div0.o
 .glue_7        0x003021b8        0x0 udiv.o
 .glue_7        0x003021b8        0x0 string.o

.glue_7t        0x003021b8        0x0
 .glue_7t       0x003021b8        0x0 crt0_gnu.o
 .glue_7t       0x003021b8        0x0 at91sam9263ek.o
 .glue_7t       0x003021b8        0x0 main.o
 .glue_7t       0x003021b8        0x0 gpio.o
 .glue_7t       0x003021b8        0x0 pmc.o
 .glue_7t       0x003021b8        0x0 debug.o
 .glue_7t       0x003021b8        0x0 sdramc.o
 .glue_7t       0x003021b8        0x0 nandflash.o
 .glue_7t       0x003021b8        0x0 _udivsi3.o
 .glue_7t       0x003021b8        0x0 _umodsi3.o
 .glue_7t       0x003021b8        0x0 div0.o
 .glue_7t       0x003021b8        0x0 udiv.o
 .glue_7t       0x003021b8        0x0 string.o

.vfp11_veneer   0x003021b8        0x0
 .vfp11_veneer  0x003021b8        0x0 crt0_gnu.o
 .vfp11_veneer  0x003021b8        0x0 at91sam9263ek.o
 .vfp11_veneer  0x003021b8        0x0 main.o
 .vfp11_veneer  0x003021b8        0x0 gpio.o
 .vfp11_veneer  0x003021b8        0x0 pmc.o
 .vfp11_veneer  0x003021b8        0x0 debug.o
 .vfp11_veneer  0x003021b8        0x0 sdramc.o
 .vfp11_veneer  0x003021b8        0x0 nandflash.o
 .vfp11_veneer  0x003021b8        0x0 _udivsi3.o
 .vfp11_veneer  0x003021b8        0x0 _umodsi3.o
 .vfp11_veneer  0x003021b8        0x0 div0.o
 .vfp11_veneer  0x003021b8        0x0 udiv.o
 .vfp11_veneer  0x003021b8        0x0 string.o

.data           0x003021b8       0xc4 load address 0x003021b8
                0x003021b8                _sdata = .
 *(.vectors)
 *(.data)
 .data          0x003021b8        0x0 crt0_gnu.o
 .data          0x003021b8        0x0 at91sam9263ek.o
 .data          0x003021b8        0x0 main.o
 .data          0x003021b8        0x0 gpio.o
 .data          0x003021b8        0x0 pmc.o
 .data          0x003021b8        0x0 debug.o
 .data          0x003021b8        0x0 sdramc.o
 .data          0x003021b8       0xc4 nandflash.o
 .data          0x0030227c        0x0 _udivsi3.o
 .data          0x0030227c        0x0 _umodsi3.o
 .data          0x0030227c        0x0 div0.o
 .data          0x0030227c        0x0 udiv.o
 .data          0x0030227c        0x0 string.o
                0x0030227c                _edata = .

.bss            0x0030227c        0x0
                0x0030227c                . = ALIGN (0x4)
                0x0030227c                _sbss = .
 *(.bss)
 .bss           0x0030227c        0x0 crt0_gnu.o
 .bss           0x0030227c        0x0 at91sam9263ek.o
 .bss           0x0030227c        0x0 main.o
 .bss           0x0030227c        0x0 gpio.o
 .bss           0x0030227c        0x0 pmc.o
 .bss           0x0030227c        0x0 debug.o
 .bss           0x0030227c        0x0 sdramc.o
 .bss           0x0030227c        0x0 nandflash.o
 .bss           0x0030227c        0x0 _udivsi3.o
 .bss           0x0030227c        0x0 _umodsi3.o
 .bss           0x0030227c        0x0 div0.o
 .bss           0x0030227c        0x0 udiv.o
 .bss           0x0030227c        0x0 string.o
                0x0030227c                _ebss = .
                0x0030227c                end = .
Address of section .text set to 0x300000
OUTPUT(nandflash_at91sam9263ek.elf elf32-littlearm)
                0x0030227c                . = ALIGN (0x1)
                0x0030227c                __start_start = .

start           0x00000000        0x0
 start          0x00000000        0x0 crt0_gnu.o
                0x00000000                __stop_start = .

.ARM.attributes
                0x00000000       0x10
 .ARM.attributes
                0x00000000       0x1a crt0_gnu.o
 .ARM.attributes
                0x0000001a       0x2a at91sam9263ek.o
 .ARM.attributes
                0x00000044       0x2a main.o
 .ARM.attributes
                0x0000006e       0x2a gpio.o
 .ARM.attributes
                0x00000098       0x2a pmc.o
 .ARM.attributes
                0x000000c2       0x28 debug.o
 .ARM.attributes
                0x000000ea       0x2a sdramc.o
 .ARM.attributes
                0x00000114       0x2a nandflash.o
 .ARM.attributes
                0x0000013e       0x1a _udivsi3.o
 .ARM.attributes
                0x00000158       0x1a _umodsi3.o
 .ARM.attributes
                0x00000172       0x2a div0.o
 .ARM.attributes
                0x0000019c       0x2a udiv.o
 .ARM.attributes
                0x000001c6       0x2a string.o

.debug_line     0x00000000      0x6f8
 .debug_line    0x00000000       0x84 crt0_gnu.o
 .debug_line    0x00000084       0xbe at91sam9263ek.o
 .debug_line    0x00000142       0x47 main.o
 .debug_line    0x00000189       0xf7 gpio.o
 .debug_line    0x00000280       0x6d pmc.o
 .debug_line    0x000002ed       0x1d debug.o
 .debug_line    0x0000030a       0x71 sdramc.o
 .debug_line    0x0000037b      0x14a nandflash.o
 .debug_line    0x000004c5       0x6c _udivsi3.o
 .debug_line    0x00000531       0x79 _umodsi3.o
 .debug_line    0x000005aa       0x44 div0.o
 .debug_line    0x000005ee       0xb0 udiv.o
 .debug_line    0x0000069e       0x5a string.o

.debug_info     0x00000000     0x1c43
 .debug_info    0x00000000       0x7d crt0_gnu.o
 .debug_info    0x0000007d      0x2f6 at91sam9263ek.o
 .debug_info    0x00000373       0xf2 main.o
 .debug_info    0x00000465      0x5e6 gpio.o
 .debug_info    0x00000a4b      0x266 pmc.o
 .debug_info    0x00000cb1        0x0 debug.o
 .debug_info    0x00000cb1      0x17a sdramc.o
 .debug_info    0x00000e2b      0x86c nandflash.o
 .debug_info    0x00001697       0x81 _udivsi3.o
 .debug_info    0x00001718       0x81 _umodsi3.o
 .debug_info    0x00001799       0xab div0.o
 .debug_info    0x00001844      0x213 udiv.o
 .debug_info    0x00001a57      0x1ec string.o

.debug_abbrev   0x00000000      0x5ea
 .debug_abbrev  0x00000000       0x14 crt0_gnu.o
 .debug_abbrev  0x00000014       0xbb at91sam9263ek.o
 .debug_abbrev  0x000000cf       0x3f main.o
 .debug_abbrev  0x0000010e       0xf6 gpio.o
 .debug_abbrev  0x00000204       0x89 pmc.o
 .debug_abbrev  0x0000028d        0x1 debug.o
 .debug_abbrev  0x0000028e       0x79 sdramc.o
 .debug_abbrev  0x00000307      0x16f nandflash.o
 .debug_abbrev  0x00000476       0x14 _udivsi3.o
 .debug_abbrev  0x0000048a       0x14 _umodsi3.o
 .debug_abbrev  0x0000049e       0x29 div0.o
 .debug_abbrev  0x000004c7       0x86 udiv.o
 .debug_abbrev  0x0000054d       0x9d string.o

.debug_aranges  0x00000000      0x180
 .debug_aranges
                0x00000000       0x20 crt0_gnu.o
 .debug_aranges
                0x00000020       0x20 at91sam9263ek.o
 .debug_aranges
                0x00000040       0x20 main.o
 .debug_aranges
                0x00000060       0x20 gpio.o
 .debug_aranges
                0x00000080       0x20 pmc.o
 .debug_aranges
                0x000000a0       0x20 sdramc.o
 .debug_aranges
                0x000000c0       0x20 nandflash.o
 .debug_aranges
                0x000000e0       0x20 _udivsi3.o
 .debug_aranges
                0x00000100       0x20 _umodsi3.o
 .debug_aranges
                0x00000120       0x20 div0.o
 .debug_aranges
                0x00000140       0x20 udiv.o
 .debug_aranges
                0x00000160       0x20 string.o

.debug_frame    0x00000000      0x494
 .debug_frame   0x00000000       0x94 at91sam9263ek.o
 .debug_frame   0x00000094       0x2c main.o
 .debug_frame   0x000000c0      0x16c gpio.o
 .debug_frame   0x0000022c       0xb0 pmc.o
 .debug_frame   0x000002dc       0x44 sdramc.o
 .debug_frame   0x00000320       0xc8 nandflash.o
 .debug_frame   0x000003e8       0x28 div0.o
 .debug_frame   0x00000410       0x28 udiv.o
 .debug_frame   0x00000438       0x5c string.o

.debug_loc      0x00000000      0x68d
 .debug_loc     0x00000000       0xd7 at91sam9263ek.o
 .debug_loc     0x000000d7       0x2b main.o
 .debug_loc     0x00000102      0x22f gpio.o
 .debug_loc     0x00000331      0x102 pmc.o
 .debug_loc     0x00000433       0x56 sdramc.o
 .debug_loc     0x00000489      0x12d nandflash.o
 .debug_loc     0x000005b6       0x2b div0.o
 .debug_loc     0x000005e1       0x2b udiv.o
 .debug_loc     0x0000060c       0x81 string.o

.debug_pubnames
                0x00000000      0x229
 .debug_pubnames
                0x00000000       0x8a at91sam9263ek.o
 .debug_pubnames
                0x0000008a       0x1b main.o
 .debug_pubnames
                0x000000a5       0x44 gpio.o
 .debug_pubnames
                0x000000e9       0x54 pmc.o
 .debug_pubnames
                0x0000013d       0x21 sdramc.o
 .debug_pubnames
                0x0000015e       0x61 nandflash.o
 .debug_pubnames
                0x000001bf       0x1d div0.o
 .debug_pubnames
                0x000001dc       0x1b udiv.o
 .debug_pubnames
                0x000001f7       0x32 string.o

.comment        0x00000000      0x302
 .comment       0x00000000       0x4d at91sam9263ek.o
 .comment       0x0000004d       0x4d main.o
 .comment       0x0000009a       0x4d gpio.o
 .comment       0x000000e7       0x4d pmc.o
 .comment       0x00000134       0x4d debug.o
 .comment       0x00000181       0x4d sdramc.o
 .comment       0x000001ce       0x4d nandflash.o
 .comment       0x0000021b       0x4d div0.o
 .comment       0x00000268       0x4d udiv.o
 .comment       0x000002b5       0x4d string.o

.note.GNU-stack
                0x00000000        0x0
 .note.GNU-stack
                0x00000000        0x0 at91sam9263ek.o
 .note.GNU-stack
                0x00000000        0x0 main.o
 .note.GNU-stack
                0x00000000        0x0 gpio.o
 .note.GNU-stack
                0x00000000        0x0 pmc.o
 .note.GNU-stack
                0x00000000        0x0 debug.o
 .note.GNU-stack
                0x00000000        0x0 sdramc.o
 .note.GNU-stack
                0x00000000        0x0 nandflash.o
 .note.GNU-stack
                0x00000000        0x0 div0.o
 .note.GNU-stack
                0x00000000        0x0 udiv.o
 .note.GNU-stack
                0x00000000        0x0 string.o

.debug_str      0x00000000       0x59
 .debug_str     0x00000000       0x19 gpio.o
 .debug_str     0x00000019        0x8 pmc.o
 .debug_str     0x00000021       0x38 nandflash.o

Cross Reference Table

Symbol                                            File
AT91F_NandEraseBlock0                             nandflash.o
AT91F_NandRead                                    nandflash.o
CheckBlock                                        nandflash.o
__aeabi_uidiv                                     _udivsi3.o
                                                  _umodsi3.o
                                                  nandflash.o
__aeabi_uidivmod                                  _umodsi3.o
                                                  nandflash.o
__div0                                            div0.o
                                                  _umodsi3.o
                                                  _udivsi3.o
__udivsi3                                         _udivsi3.o
__umodsi3                                         _umodsi3.o
_ebss                                             crt0_gnu.o
_edata                                            crt0_gnu.o
_etext                                            crt0_gnu.o
_sbss                                             crt0_gnu.o
_sdata                                            crt0_gnu.o
bcopy                                             string.o
hw_init                                           at91sam9263ek.o
                                                  main.o
load_nandflash                                    nandflash.o
                                                  main.o
main                                              main.o
                                                  crt0_gnu.o
memcpy                                            string.o
memset                                            string.o
nandflash_cfg_16bits_dbw_init                     at91sam9263ek.o
nandflash_cfg_8bits_dbw_init                      at91sam9263ek.o
                                                  nandflash.o
nandflash_hw_init                                 at91sam9263ek.o
                                                  nandflash.o
pio_get_value                                     gpio.o
pio_set_value                                     gpio.o
pio_setup                                         gpio.o
                                                  at91sam9263ek.o
pmc_cfg_mck                                       pmc.o
                                                  at91sam9263ek.o
pmc_cfg_pck                                       pmc.o
pmc_cfg_plla                                      pmc.o
                                                  at91sam9263ek.o
pmc_cfg_pllb                                      pmc.o
                                                  at91sam9263ek.o
reset                                             crt0_gnu.o
sdram_init                                        sdramc.o
                                                  at91sam9263ek.o
sdramc_hw_init                                    at91sam9263ek.o
                                                  sdramc.o
udiv                                              udiv.o
