
Memory Configuration

Name             Origin             Length             Attributes
*default*        0x00000000         0xffffffff

Linker script and memory map

LOAD crt0_gnu.o
LOAD at91sam9rlek.o
LOAD main.o
LOAD gpio.o
LOAD pmc.o
LOAD debug.o
LOAD sdramc.o
LOAD nandflash.o
LOAD _udivsi3.o
LOAD _umodsi3.o
LOAD div0.o
LOAD udiv.o
LOAD string.o
                0x00000000                . = ALIGN (0x4)

.text           0x00300000     0x1064
                0x00300000                _stext = .
 *(.text)
 .text          0x00300000      0x130 crt0_gnu.o
                0x00300000                reset
 .text          0x00300130      0x14c at91sam9rlek.o
                0x00300130                nandflash_cfg_16bits_dbw_init
                0x00300144                nandflash_cfg_8bits_dbw_init
                0x003001bc                hw_init
                0x00300158                nandflash_hw_init
                0x003001b0                sdramc_hw_init
 .text          0x0030027c       0x28 main.o
                0x0030027c                main
 .text          0x003002a4      0x228 gpio.o
                0x0030047c                pio_set_value
                0x003002ac                pio_get_value
                0x003002e4                pio_setup
 .text          0x003004cc       0xd4 pmc.o
                0x003004cc                pmc_cfg_plla
                0x00300538                pmc_cfg_mck
                0x0030056c                pmc_cfg_pllb
                0x00300500                pmc_cfg_pck
 .text          0x003005a0        0x0 debug.o
 .text          0x003005a0      0x130 sdramc.o
                0x003005a0                sdram_init
 .text          0x003006d0      0x4f0 nandflash.o
                0x003008e0                CheckBlock
                0x00300948                AT91F_NandRead
                0x003006d0                AT91F_NandEraseBlock0
                0x003009a0                load_nandflash
 .text          0x00300bc0       0x98 _udivsi3.o
                0x00300bc0                __udivsi3
                0x00300bc0                __aeabi_uidiv
 .text          0x00300c58       0xcc _umodsi3.o
                0x00300c58                __umodsi3
                0x00300d0c                __aeabi_uidivmod
 .text          0x00300d24        0x4 div0.o
                0x00300d24                __div0
 .text          0x00300d28       0x50 udiv.o
                0x00300d28                udiv
 .text          0x00300d78       0x9c string.o
                0x00300df8                memcpy
                0x00300d94                bcopy
                0x00300d78                memset
 *(.rodata)
 .rodata        0x00300e14      0x1e0 at91sam9rlek.o
 *(.rodata*)
 .rodata.str1.4
                0x00300ff4       0x70 at91sam9rlek.o
                0x00301064                . = ALIGN (0x4)
                0x00301064                _etext = .

.glue_7         0x00301064        0x0
 .glue_7        0x00301064        0x0 crt0_gnu.o
 .glue_7        0x00301064        0x0 at91sam9rlek.o
 .glue_7        0x00301064        0x0 main.o
 .glue_7        0x00301064        0x0 gpio.o
 .glue_7        0x00301064        0x0 pmc.o
 .glue_7        0x00301064        0x0 debug.o
 .glue_7        0x00301064        0x0 sdramc.o
 .glue_7        0x00301064        0x0 nandflash.o
 .glue_7        0x00301064        0x0 _udivsi3.o
 .glue_7        0x00301064        0x0 _umodsi3.o
 .glue_7        0x00301064        0x0 div0.o
 .glue_7        0x00301064        0x0 udiv.o
 .glue_7        0x00301064        0x0 string.o

.glue_7t        0x00301064        0x0
 .glue_7t       0x00301064        0x0 crt0_gnu.o
 .glue_7t       0x00301064        0x0 at91sam9rlek.o
 .glue_7t       0x00301064        0x0 main.o
 .glue_7t       0x00301064        0x0 gpio.o
 .glue_7t       0x00301064        0x0 pmc.o
 .glue_7t       0x00301064        0x0 debug.o
 .glue_7t       0x00301064        0x0 sdramc.o
 .glue_7t       0x00301064        0x0 nandflash.o
 .glue_7t       0x00301064        0x0 _udivsi3.o
 .glue_7t       0x00301064        0x0 _umodsi3.o
 .glue_7t       0x00301064        0x0 div0.o
 .glue_7t       0x00301064        0x0 udiv.o
 .glue_7t       0x00301064        0x0 string.o

.vfp11_veneer   0x00301064        0x0
 .vfp11_veneer  0x00301064        0x0 crt0_gnu.o
 .vfp11_veneer  0x00301064        0x0 at91sam9rlek.o
 .vfp11_veneer  0x00301064        0x0 main.o
 .vfp11_veneer  0x00301064        0x0 gpio.o
 .vfp11_veneer  0x00301064        0x0 pmc.o
 .vfp11_veneer  0x00301064        0x0 debug.o
 .vfp11_veneer  0x00301064        0x0 sdramc.o
 .vfp11_veneer  0x00301064        0x0 nandflash.o
 .vfp11_veneer  0x00301064        0x0 _udivsi3.o
 .vfp11_veneer  0x00301064        0x0 _umodsi3.o
 .vfp11_veneer  0x00301064        0x0 div0.o
 .vfp11_veneer  0x00301064        0x0 udiv.o
 .vfp11_veneer  0x00301064        0x0 string.o

.data           0x00301064       0xc4 load address 0x00301064
                0x00301064                _sdata = .
 *(.vectors)
 *(.data)
 .data          0x00301064        0x0 crt0_gnu.o
 .data          0x00301064        0x0 at91sam9rlek.o
 .data          0x00301064        0x0 main.o
 .data          0x00301064        0x0 gpio.o
 .data          0x00301064        0x0 pmc.o
 .data          0x00301064        0x0 debug.o
 .data          0x00301064        0x0 sdramc.o
 .data          0x00301064       0xc4 nandflash.o
 .data          0x00301128        0x0 _udivsi3.o
 .data          0x00301128        0x0 _umodsi3.o
 .data          0x00301128        0x0 div0.o
 .data          0x00301128        0x0 udiv.o
 .data          0x00301128        0x0 string.o
                0x00301128                _edata = .

.bss            0x00301128        0x0
                0x00301128                . = ALIGN (0x4)
                0x00301128                _sbss = .
 *(.bss)
 .bss           0x00301128        0x0 crt0_gnu.o
 .bss           0x00301128        0x0 at91sam9rlek.o
 .bss           0x00301128        0x0 main.o
 .bss           0x00301128        0x0 gpio.o
 .bss           0x00301128        0x0 pmc.o
 .bss           0x00301128        0x0 debug.o
 .bss           0x00301128        0x0 sdramc.o
 .bss           0x00301128        0x0 nandflash.o
 .bss           0x00301128        0x0 _udivsi3.o
 .bss           0x00301128        0x0 _umodsi3.o
 .bss           0x00301128        0x0 div0.o
 .bss           0x00301128        0x0 udiv.o
 .bss           0x00301128        0x0 string.o
                0x00301128                _ebss = .
                0x00301128                end = .
Address of section .text set to 0x300000
OUTPUT(nandflash_at91sam9rlek.elf elf32-littlearm)
                0x00301128                . = ALIGN (0x1)
                0x00301128                __start_start = .

start           0x00000000        0x0
 start          0x00000000        0x0 crt0_gnu.o
                0x00000000                __stop_start = .

.ARM.attributes
                0x00000000       0x10
 .ARM.attributes
                0x00000000       0x20 crt0_gnu.o
 .ARM.attributes
                0x00000020       0x30 at91sam9rlek.o
 .ARM.attributes
                0x00000050       0x30 main.o
 .ARM.attributes
                0x00000080       0x30 gpio.o
 .ARM.attributes
                0x000000b0       0x30 pmc.o
 .ARM.attributes
                0x000000e0       0x2e debug.o
 .ARM.attributes
                0x0000010e       0x30 sdramc.o
 .ARM.attributes
                0x0000013e       0x30 nandflash.o
 .ARM.attributes
                0x0000016e       0x20 _udivsi3.o
 .ARM.attributes
                0x0000018e       0x20 _umodsi3.o
 .ARM.attributes
                0x000001ae       0x30 div0.o
 .ARM.attributes
                0x000001de       0x30 udiv.o
 .ARM.attributes
                0x0000020e       0x30 string.o

.debug_line     0x00000000      0x839
 .debug_line    0x00000000       0x84 crt0_gnu.o
 .debug_line    0x00000084       0xda at91sam9rlek.o
 .debug_line    0x0000015e       0x46 main.o
 .debug_line    0x000001a4      0x13b gpio.o
 .debug_line    0x000002df       0x8d pmc.o
 .debug_line    0x0000036c       0x1d debug.o
 .debug_line    0x00000389       0xc8 sdramc.o
 .debug_line    0x00000451      0x1bc nandflash.o
 .debug_line    0x0000060d       0x6c _udivsi3.o
 .debug_line    0x00000679       0x79 _umodsi3.o
 .debug_line    0x000006f2       0x43 div0.o
 .debug_line    0x00000735       0xb2 udiv.o
 .debug_line    0x000007e7       0x52 string.o

.debug_info     0x00000000     0x191b
 .debug_info    0x00000000       0x7c crt0_gnu.o
 .debug_info    0x0000007c      0x224 at91sam9rlek.o
 .debug_info    0x000002a0       0x65 main.o
 .debug_info    0x00000305      0x7ec gpio.o
 .debug_info    0x00000af1      0x236 pmc.o
 .debug_info    0x00000d27        0x0 debug.o
 .debug_info    0x00000d27      0x236 sdramc.o
 .debug_info    0x00000f5d      0x612 nandflash.o
 .debug_info    0x0000156f       0x80 _udivsi3.o
 .debug_info    0x000015ef       0x80 _umodsi3.o
 .debug_info    0x0000166f       0x39 div0.o
 .debug_info    0x000016a8      0x12a udiv.o
 .debug_info    0x000017d2      0x149 string.o

.debug_abbrev   0x00000000      0x921
 .debug_abbrev  0x00000000       0x14 crt0_gnu.o
 .debug_abbrev  0x00000014      0x156 at91sam9rlek.o
 .debug_abbrev  0x0000016a       0x4a main.o
 .debug_abbrev  0x000001b4      0x1ce gpio.o
 .debug_abbrev  0x00000382       0xeb pmc.o
 .debug_abbrev  0x0000046d        0x1 debug.o
 .debug_abbrev  0x0000046e       0xcc sdramc.o
 .debug_abbrev  0x0000053a      0x1eb nandflash.o
 .debug_abbrev  0x00000725       0x14 _udivsi3.o
 .debug_abbrev  0x00000739       0x14 _umodsi3.o
 .debug_abbrev  0x0000074d       0x29 div0.o
 .debug_abbrev  0x00000776       0xcb udiv.o
 .debug_abbrev  0x00000841       0xe0 string.o

.debug_aranges  0x00000000      0x180
 .debug_aranges
                0x00000000       0x20 crt0_gnu.o
 .debug_aranges
                0x00000020       0x20 at91sam9rlek.o
 .debug_aranges
                0x00000040       0x20 main.o
 .debug_aranges
                0x00000060       0x20 gpio.o
 .debug_aranges
                0x00000080       0x20 pmc.o
 .debug_aranges
                0x000000a0       0x20 sdramc.o
 .debug_aranges
                0x000000c0       0x20 nandflash.o
 .debug_aranges
                0x000000e0       0x20 _udivsi3.o
 .debug_aranges
                0x00000100       0x20 _umodsi3.o
 .debug_aranges
                0x00000120       0x20 div0.o
 .debug_aranges
                0x00000140       0x20 udiv.o
 .debug_aranges
                0x00000160       0x20 string.o

.debug_frame    0x00000000      0x2c8
 .debug_frame   0x00000000       0x6c at91sam9rlek.o
 .debug_frame   0x0000006c       0x28 main.o
 .debug_frame   0x00000094       0x74 gpio.o
 .debug_frame   0x00000108       0x50 pmc.o
 .debug_frame   0x00000158       0x30 sdramc.o
 .debug_frame   0x00000188       0xb0 nandflash.o
 .debug_frame   0x00000238       0x20 div0.o
 .debug_frame   0x00000258       0x28 udiv.o
 .debug_frame   0x00000280       0x48 string.o

.debug_loc      0x00000000      0xaf1
 .debug_loc     0x00000000       0x3e at91sam9rlek.o
 .debug_loc     0x0000003e       0x1f main.o
 .debug_loc     0x0000005d      0x368 gpio.o
 .debug_loc     0x000003c5       0x93 pmc.o
 .debug_loc     0x00000458       0x98 sdramc.o
 .debug_loc     0x000004f0      0x4c0 nandflash.o
 .debug_loc     0x000009b0       0x63 udiv.o
 .debug_loc     0x00000a13       0xde string.o

.debug_pubnames
                0x00000000      0x229
 .debug_pubnames
                0x00000000       0x8a at91sam9rlek.o
 .debug_pubnames
                0x0000008a       0x1b main.o
 .debug_pubnames
                0x000000a5       0x44 gpio.o
 .debug_pubnames
                0x000000e9       0x54 pmc.o
 .debug_pubnames
                0x0000013d       0x21 sdramc.o
 .debug_pubnames
                0x0000015e       0x61 nandflash.o
 .debug_pubnames
                0x000001bf       0x1d div0.o
 .debug_pubnames
                0x000001dc       0x1b udiv.o
 .debug_pubnames
                0x000001f7       0x32 string.o

.debug_str      0x00000000      0x798
 .debug_str     0x00000000      0x19f at91sam9rlek.o
                                0x1c9 (size before relaxing)
 .debug_str     0x0000019f       0x15 main.o
                                 0xac (size before relaxing)
 .debug_str     0x000001b4       0xf9 gpio.o
                                0x1f3 (size before relaxing)
 .debug_str     0x000002ad       0x92 pmc.o
                                0x11e (size before relaxing)
 .debug_str     0x0000033f       0x4f sdramc.o
                                 0xdb (size before relaxing)
 .debug_str     0x0000038e      0x33b nandflash.o
                                0x3f4 (size before relaxing)
 .debug_str     0x000006c9       0x1b div0.o
                                 0x7f (size before relaxing)
 .debug_str     0x000006e4       0x7e udiv.o
                                0x13c (size before relaxing)
 .debug_str     0x00000762       0x36 string.o
                                 0xcb (size before relaxing)

.comment        0x00000000      0x302
 .comment       0x00000000       0x4d at91sam9rlek.o
 .comment       0x0000004d       0x4d main.o
 .comment       0x0000009a       0x4d gpio.o
 .comment       0x000000e7       0x4d pmc.o
 .comment       0x00000134       0x4d debug.o
 .comment       0x00000181       0x4d sdramc.o
 .comment       0x000001ce       0x4d nandflash.o
 .comment       0x0000021b       0x4d div0.o
 .comment       0x00000268       0x4d udiv.o
 .comment       0x000002b5       0x4d string.o

.note.GNU-stack
                0x00000000        0x0
 .note.GNU-stack
                0x00000000        0x0 at91sam9rlek.o
 .note.GNU-stack
                0x00000000        0x0 main.o
 .note.GNU-stack
                0x00000000        0x0 gpio.o
 .note.GNU-stack
                0x00000000        0x0 pmc.o
 .note.GNU-stack
                0x00000000        0x0 debug.o
 .note.GNU-stack
                0x00000000        0x0 sdramc.o
 .note.GNU-stack
                0x00000000        0x0 nandflash.o
 .note.GNU-stack
                0x00000000        0x0 div0.o
 .note.GNU-stack
                0x00000000        0x0 udiv.o
 .note.GNU-stack
                0x00000000        0x0 string.o

.debug_ranges   0x00000000      0x240
 .debug_ranges  0x00000000       0xc0 gpio.o
 .debug_ranges  0x000000c0       0xd8 pmc.o
 .debug_ranges  0x00000198       0x68 sdramc.o
 .debug_ranges  0x00000200       0x40 nandflash.o

Cross Reference Table

Symbol                                            File
AT91F_NandEraseBlock0                             nandflash.o
AT91F_NandRead                                    nandflash.o
CheckBlock                                        nandflash.o
__aeabi_uidiv                                     _udivsi3.o
                                                  _umodsi3.o
                                                  nandflash.o
__aeabi_uidivmod                                  _umodsi3.o
                                                  nandflash.o
__div0                                            div0.o
                                                  _umodsi3.o
                                                  _udivsi3.o
__udivsi3                                         _udivsi3.o
__umodsi3                                         _umodsi3.o
_ebss                                             crt0_gnu.o
_edata                                            crt0_gnu.o
_etext                                            crt0_gnu.o
_sbss                                             crt0_gnu.o
_sdata                                            crt0_gnu.o
bcopy                                             string.o
hw_init                                           at91sam9rlek.o
                                                  main.o
load_nandflash                                    nandflash.o
                                                  main.o
main                                              main.o
                                                  crt0_gnu.o
memcpy                                            string.o
memset                                            string.o
                                                  at91sam9rlek.o
nandflash_cfg_16bits_dbw_init                     at91sam9rlek.o
nandflash_cfg_8bits_dbw_init                      at91sam9rlek.o
                                                  nandflash.o
nandflash_hw_init                                 at91sam9rlek.o
                                                  nandflash.o
pio_get_value                                     gpio.o
pio_set_value                                     gpio.o
pio_setup                                         gpio.o
                                                  at91sam9rlek.o
pmc_cfg_mck                                       pmc.o
                                                  at91sam9rlek.o
pmc_cfg_pck                                       pmc.o
pmc_cfg_plla                                      pmc.o
                                                  at91sam9rlek.o
pmc_cfg_pllb                                      pmc.o
reset                                             crt0_gnu.o
sdram_init                                        sdramc.o
                                                  at91sam9rlek.o
sdramc_hw_init                                    at91sam9rlek.o
                                                  sdramc.o
udiv                                              udiv.o
